 main

 Timestamp is 6269869c (Wed Apr 27 11:08:28 2022)

 Preferred load address is 0000000140000000

 Start         Length     Name                   Class
 0001:00000000 00008424H .text                   CODE
 0001:00008424 0000006cH .text$di                CODE
 0001:00008490 00025850H .text$mn                CODE
 0001:0002dce0 00000040H .text$mn$00             CODE
 0001:0002dd20 00000700H .text$x                 CODE
 0001:0002e420 000000f4H .text$yd                CODE
 0002:00000000 000002e8H .idata$5                DATA
 0002:000002e8 00000038H .00cfg                  DATA
 0002:00000320 00000008H .CRT$XCA                DATA
 0002:00000328 00000008H .CRT$XCAA               DATA
 0002:00000330 00000018H .CRT$XCC                DATA
 0002:00000348 00000010H .CRT$XCL                DATA
 0002:00000358 00000008H .CRT$XCU                DATA
 0002:00000360 00000008H .CRT$XCZ                DATA
 0002:00000368 00000008H .CRT$XIA                DATA
 0002:00000370 00000008H .CRT$XIAA               DATA
 0002:00000378 00000008H .CRT$XIAC               DATA
 0002:00000380 00000038H .CRT$XIC                DATA
 0002:000003b8 00000008H .CRT$XIZ                DATA
 0002:000003c0 00000008H .CRT$XLA                DATA
 0002:000003c8 00000008H .CRT$XLZ                DATA
 0002:000003d0 00000008H .CRT$XPA                DATA
 0002:000003d8 00000010H .CRT$XPX                DATA
 0002:000003e8 00000008H .CRT$XPXA               DATA
 0002:000003f0 00000008H .CRT$XPZ                DATA
 0002:000003f8 00000008H .CRT$XTA                DATA
 0002:00000400 00000010H .CRT$XTZ                DATA
 0002:00000408 00000000H .gehcont$y              DATA
 0002:00000408 00000000H .gfids$y                DATA
 0002:00000410 0000f5f0H .rdata                  DATA
 0002:0000fa00 00000000H .rdata$CastGuardVftablesA DATA
 0002:0000fa00 00000000H .rdata$CastGuardVftablesC DATA
 0002:0000fa00 00000028H .rdata$T                DATA
 0002:0000fa28 00000314H .rdata$r                DATA
 0002:0000fd3c 00000134H .rdata$voltmd           DATA
 0002:0000fe70 000003d8H .rdata$zzzdbg           DATA
 0002:00010248 00000008H .rtc$IAA                DATA
 0002:00010250 00000008H .rtc$IZZ                DATA
 0002:00010258 00000008H .rtc$TAA                DATA
 0002:00010260 00000008H .rtc$TZZ                DATA
 0002:00010268 00000004H .tls                    DATA
 0002:0001026c 00000004H .tls$                   DATA
 0002:00010270 00000010H .tls$ZZZ                DATA
 0002:00010280 00003e40H .xdata                  DATA
 0002:000140c0 000001c4H .xdata$x                DATA
 0002:00014284 00000000H .edata                  DATA
 0002:00014284 00000028H .idata$2                DATA
 0002:000142ac 00000014H .idata$3                DATA
 0002:000142c0 000002e8H .idata$4                DATA
 0002:000145a8 00000680H .idata$6                DATA
 0003:00000000 00001298H .data                   DATA
 0003:00001298 000000a8H .data$r                 DATA
 0003:00001340 00000050H .data$rs                DATA
 0003:00001390 00001bc4H .bss                    DATA
 0004:00000000 000029a0H .pdata                  DATA
 0005:00000000 0000015cH _RDATA                  DATA

  Address         Publics by Value              Rva+Base               Lib:Object

 0000:00000000       __guard_longjmp_table      0000000000000000     <absolute>
 0000:00000000       __x64_code_ranges_to_entry_points 0000000000000000     <absolute>
 0000:00000000       __x64_code_ranges_to_entry_points_count 0000000000000000     <absolute>
 0000:00000000       __guard_fids_count         0000000000000000     <absolute>
 0000:00000000       __arm64x_redirection_metadata 0000000000000000     <absolute>
 0000:00000000       __arm64x_extra_rfe_table   0000000000000000     <absolute>
 0000:00000000       __guard_iat_table          0000000000000000     <absolute>
 0000:00000000       __hybrid_code_map          0000000000000000     <absolute>
 0000:00000000       __arm64x_extra_rfe_table_size 0000000000000000     <absolute>
 0000:00000000       __guard_iat_count          0000000000000000     <absolute>
 0000:00000000       __guard_longjmp_count      0000000000000000     <absolute>
 0000:00000000       ___safe_se_handler_count   0000000000000000     <absolute>
 0000:00000000       ___safe_se_handler_table   0000000000000000     <absolute>
 0000:00000000       __dynamic_value_reloc_table 0000000000000000     <absolute>
 0000:00000000       __hybrid_auxiliary_iat     0000000000000000     <absolute>
 0000:00000000       __hybrid_auxiliary_iat_copy 0000000000000000     <absolute>
 0000:00000000       __AbsoluteZero             0000000000000000     <absolute>
 0000:00000000       __guard_eh_cont_count      0000000000000000     <absolute>
 0000:00000000       __guard_check_icall_a64n_fptr 0000000000000000     <absolute>
 0000:00000000       __guard_fids_table         0000000000000000     <absolute>
 0000:00000000       __arm64x_redirection_metadata_count 0000000000000000     <absolute>
 0000:00000000       __enclave_config           0000000000000000     <absolute>
 0000:00000000       __guard_eh_cont_table      0000000000000000     <absolute>
 0000:00000000       __arm64x_native_entrypoint 0000000000000000     <absolute>
 0000:00000000       __hybrid_code_map_count    0000000000000000     <absolute>
 0000:00000100       __guard_flags              0000000000000100     <absolute>
 0000:00000000       __ImageBase                0000000140000000     <linker-defined>
 0001:00000000       main                       0000000140001000 f   main-7c2e1a.o
 0001:00000060       ?mainLoop@MainApp@@QEAAHXZ 0000000140001060 f   MainApp-45068c.o
 0001:000001d0       ??0SocketClient@@QEAA@XZ   00000001400011d0 f   SocketClient-f56ddc.o
 0001:00000200       ??0SocketClient@@QEAA@AEBV0@@Z 0000000140001200 f   SocketClient-f56ddc.o
 0001:00000240       ??1SocketClient@@QEAA@XZ   0000000140001240 f   SocketClient-f56ddc.o
 0001:00000250       ??0SocketsNet@@QEAA@XZ     0000000140001250 f   SocketsNet-29f76d.o
 0001:000002a0       ??0SocketsNet@@QEAA@AEBV0@@Z 00000001400012a0 f   SocketsNet-29f76d.o
 0001:000002e0       ??1SocketsNet@@QEAA@XZ     00000001400012e0 f   SocketsNet-29f76d.o
 0001:00000320       ?closeSock@SocketsNet@@QEAAX_K@Z 0000000140001320 f   SocketsNet-29f76d.o
 0001:00000330       ??0BoolArray@@QEAA@XZ      0000000140001330 f   BoolArray-14dab7.o
 0001:00000360       ??0BoolArray@@QEAA@AEBV0@@Z 0000000140001360 f   BoolArray-14dab7.o
 0001:000003c0       ??1BoolArray@@QEAA@XZ      00000001400013c0 f   BoolArray-14dab7.o
 0001:000003d0       ?setSize@BoolArray@@QEAAXH@Z 00000001400013d0 f   BoolArray-14dab7.o
 0001:00000440       ??0CharBuf@@QEAA@XZ        0000000140001440 f   CharBuf-02e55f.o
 0001:00000470       ??0CharBuf@@QEAA@AEBV0@@Z  0000000140001470 f   CharBuf-02e55f.o
 0001:000004d0       ??1CharBuf@@QEAA@XZ        00000001400014d0 f   CharBuf-02e55f.o
 0001:000004e0       ?increaseSize@CharBuf@@AEAAXH@Z 00000001400014e0 f   CharBuf-02e55f.o
 0001:00000780       ?getStr@CharBuf@@QEBA?AVStr@@XZ 0000000140001780 f   CharBuf-02e55f.o
 0001:000007b0       ?appendChar@CharBuf@@QEAAXD@Z 00000001400017b0 f   CharBuf-02e55f.o
 0001:00000800       ?appendChars@CharBuf@@QEAAXPEBD@Z 0000000140001800 f   CharBuf-02e55f.o
 0001:000008d0       ?appendCharBuf@CharBuf@@QEAAXPEBDH@Z 00000001400018d0 f   CharBuf-02e55f.o
 0001:00000950       ?appendStr@CharBuf@@QEAAXAEBVStr@@@Z 0000000140001950 f   CharBuf-02e55f.o
 0001:00000a00       ??0FileIO@@QEAA@XZ         0000000140001a00 f   FileIO-350487.o
 0001:00000a20       ??0FileIO@@QEAA@AEBV0@@Z   0000000140001a20 f   FileIO-350487.o
 0001:00000ab0       ??1FileIO@@QEAA@XZ         0000000140001ab0 f   FileIO-350487.o
 0001:00000ac0       ?writeAll@FileIO@@QEAAXPEBD@Z 0000000140001ac0 f   FileIO-350487.o
 0001:00000cf0       ?readAll@FileIO@@QEAAXPEBD@Z 0000000140001cf0 f   FileIO-350487.o
 0001:00001030       ?exists@FileIO@@SA_NPEBD@Z 0000000140002030 f   FileIO-350487.o
 0001:000010f0       ?appendStr@FileIO@@QEAAXAEBVStr@@@Z 00000001400020f0 f   FileIO-350487.o
 0001:00001100       ?appendChars@FileIO@@QEAAXPEBD@Z 0000000140002100 f   FileIO-350487.o
 0001:00001110       ?appendCharBuf@FileIO@@QEAAXAEBVCharBuf@@@Z 0000000140002110 f   FileIO-350487.o
 0001:000011b0       ??0?$basic_ofstream@DU?$char_traits@D@std@@@std@@QEAA@PEBDHH@Z 00000001400021b0 f i FileIO-350487.o
 0001:00001500       ?write@?$basic_ostream@DU?$char_traits@D@std@@@std@@QEAAAEAV12@PEBD_J@Z 0000000140002500 f i FileIO-350487.o
 0001:00001830       ??0?$basic_ifstream@DU?$char_traits@D@std@@@std@@QEAA@PEBDHH@Z 0000000140002830 f i FileIO-350487.o
 0001:00001b90       ?seekg@?$basic_istream@DU?$char_traits@D@std@@@std@@QEAAAEAV12@_JH@Z 0000000140002b90 f i FileIO-350487.o
 0001:00001ec0       ?tellg@?$basic_istream@DU?$char_traits@D@std@@@std@@QEAA?AV?$fpos@U_Mbstatet@@@2@XZ 0000000140002ec0 f i FileIO-350487.o
 0001:00002070       ?seekg@?$basic_istream@DU?$char_traits@D@std@@@std@@QEAAAEAV12@V?$fpos@U_Mbstatet@@@2@@Z 0000000140003070 f i FileIO-350487.o
 0001:000023a0       ?read@?$basic_istream@DU?$char_traits@D@std@@@std@@QEAAAEAV12@PEAD_J@Z 00000001400033a0 f i FileIO-350487.o
 0001:00002640       ??__E?id@?$codecvt@DDU_Mbstatet@@@std@@2V0locale@2@A@@YAXXZ 0000000140003640 f i FileIO-350487.o
 0001:00002650       ??1?$basic_filebuf@DU?$char_traits@D@std@@@std@@UEAA@XZ 0000000140003650 f i FileIO-350487.o
 0001:00002740       ??_E?$basic_ofstream@DU?$char_traits@D@std@@@std@@$4PPPPPPPM@A@EAAPEAXI@Z 0000000140003740 f i FileIO-350487.o
 0001:00002810       ?close@?$basic_filebuf@DU?$char_traits@D@std@@@std@@QEAAPEAV12@XZ 0000000140003810 f i FileIO-350487.o
 0001:00002990       ??1?$basic_streambuf@DU?$char_traits@D@std@@@std@@UEAA@XZ 0000000140003990 f i FileIO-350487.o
 0001:000029e0       ??_G?$basic_filebuf@DU?$char_traits@D@std@@@std@@UEAAPEAXI@Z 00000001400039e0 f i FileIO-350487.o
 0001:00002a10       ?_Lock@?$basic_filebuf@DU?$char_traits@D@std@@@std@@UEAAXXZ 0000000140003a10 f i FileIO-350487.o
 0001:00002a30       ?_Unlock@?$basic_filebuf@DU?$char_traits@D@std@@@std@@UEAAXXZ 0000000140003a30 f i FileIO-350487.o
 0001:00002a50       ?overflow@?$basic_filebuf@DU?$char_traits@D@std@@@std@@MEAAHH@Z 0000000140003a50 f i FileIO-350487.o
 0001:00002be0       ?pbackfail@?$basic_filebuf@DU?$char_traits@D@std@@@std@@MEAAHH@Z 0000000140003be0 f i FileIO-350487.o
 0001:00002cd0       ?sync@?$basic_streambuf@DU?$char_traits@D@std@@@std@@MEAAHXZ 0000000140003cd0 f i FileIO-350487.o
 0001:00002cd0       ?showmanyc@?$basic_streambuf@DU?$char_traits@D@std@@@std@@MEAA_JXZ 0000000140003cd0 f i FileIO-350487.o
 0001:00002ce0       ?underflow@?$basic_filebuf@DU?$char_traits@D@std@@@std@@MEAAHXZ 0000000140003ce0 f i FileIO-350487.o
 0001:00002d30       ?uflow@?$basic_filebuf@DU?$char_traits@D@std@@@std@@MEAAHXZ 0000000140003d30 f i FileIO-350487.o
 0001:000030e0       ?xsgetn@?$basic_filebuf@DU?$char_traits@D@std@@@std@@MEAA_JPEAD_J@Z 00000001400040e0 f i FileIO-350487.o
 0001:000032c0       ?xsputn@?$basic_filebuf@DU?$char_traits@D@std@@@std@@MEAA_JPEBD_J@Z 00000001400042c0 f i FileIO-350487.o
 0001:00003410       ?seekoff@?$basic_filebuf@DU?$char_traits@D@std@@@std@@MEAA?AV?$fpos@U_Mbstatet@@@2@_JHH@Z 0000000140004410 f i FileIO-350487.o
 0001:00003590       ?seekpos@?$basic_filebuf@DU?$char_traits@D@std@@@std@@MEAA?AV?$fpos@U_Mbstatet@@@2@V32@H@Z 0000000140004590 f i FileIO-350487.o
 0001:000036e0       ?setbuf@?$basic_filebuf@DU?$char_traits@D@std@@@std@@MEAAPEAV?$basic_streambuf@DU?$char_traits@D@std@@@2@PEAD_J@Z 00000001400046e0 f i FileIO-350487.o
 0001:000037f0       ?sync@?$basic_filebuf@DU?$char_traits@D@std@@@std@@MEAAHXZ 00000001400047f0 f i FileIO-350487.o
 0001:00003830       ?imbue@?$basic_filebuf@DU?$char_traits@D@std@@@std@@MEAAXAEBVlocale@2@@Z 0000000140004830 f i FileIO-350487.o
 0001:000038b0       ??_G?$basic_streambuf@DU?$char_traits@D@std@@@std@@UEAAPEAXI@Z 00000001400048b0 f i FileIO-350487.o
 0001:00003910       ?imbue@?$basic_streambuf@DU?$char_traits@D@std@@@std@@MEAAXAEBVlocale@2@@Z 0000000140004910 f i FileIO-350487.o
 0001:00003910       ?_Unlock@?$basic_streambuf@DU?$char_traits@D@std@@@std@@UEAAXXZ 0000000140004910 f i FileIO-350487.o
 0001:00003910       ?_Lock@?$basic_streambuf@DU?$char_traits@D@std@@@std@@UEAAXXZ 0000000140004910 f i FileIO-350487.o
 0001:00003920       ?overflow@?$basic_streambuf@DU?$char_traits@D@std@@@std@@MEAAHH@Z 0000000140004920 f i FileIO-350487.o
 0001:00003920       ?underflow@?$basic_streambuf@DU?$char_traits@D@std@@@std@@MEAAHXZ 0000000140004920 f i FileIO-350487.o
 0001:00003920       ?pbackfail@?$basic_streambuf@DU?$char_traits@D@std@@@std@@MEAAHH@Z 0000000140004920 f i FileIO-350487.o
 0001:00003930       ?uflow@?$basic_streambuf@DU?$char_traits@D@std@@@std@@MEAAHXZ 0000000140004930 f i FileIO-350487.o
 0001:00003980       ?xsgetn@?$basic_streambuf@DU?$char_traits@D@std@@@std@@MEAA_JPEAD_J@Z 0000000140004980 f i FileIO-350487.o
 0001:00003a30       ?xsputn@?$basic_streambuf@DU?$char_traits@D@std@@@std@@MEAA_JPEBD_J@Z 0000000140004a30 f i FileIO-350487.o
 0001:00003ae0       ?seekpos@?$basic_streambuf@DU?$char_traits@D@std@@@std@@MEAA?AV?$fpos@U_Mbstatet@@@2@V32@H@Z 0000000140004ae0 f i FileIO-350487.o
 0001:00003ae0       ?seekoff@?$basic_streambuf@DU?$char_traits@D@std@@@std@@MEAA?AV?$fpos@U_Mbstatet@@@2@_JHH@Z 0000000140004ae0 f i FileIO-350487.o
 0001:00003b00       ?setbuf@?$basic_streambuf@DU?$char_traits@D@std@@@std@@MEAAPEAV12@PEAD_J@Z 0000000140004b00 f i FileIO-350487.o
 0001:00003b10       ??$_Reallocate_grow_by@V<lambda_1>@?0??push_back@?$basic_string@DU?$char_traits@D@std@@V?$allocator@D@2@@std@@QEAAXD@Z@D@?$basic_string@DU?$char_traits@D@std@@V?$allocator@D@2@@std@@AEAAAEAV01@_KV<lambda_1>@?0??push_back@01@QEAAXD@Z@D@Z 0000000140004b10 f i FileIO-350487.o
 0001:00003cb0       ?_Xlen_string@std@@YAXXZ   0000000140004cb0 f i FileIO-350487.o
 0001:00003cd0       ?_Throw_bad_array_new_length@std@@YAXXZ 0000000140004cd0 f i FileIO-350487.o
 0001:00003d10       ??0bad_array_new_length@std@@QEAA@AEBV01@@Z 0000000140004d10 f i FileIO-350487.o
 0001:00003d80       ??0bad_alloc@std@@QEAA@AEBV01@@Z 0000000140004d80 f i FileIO-350487.o
 0001:00003df0       ??0exception@std@@QEAA@AEBV01@@Z 0000000140004df0 f i FileIO-350487.o
 0001:00003e60       ??_Gbad_cast@std@@UEAAPEAXI@Z 0000000140004e60 f i FileIO-350487.o
 0001:00003e60       ??_Efailure@ios_base@std@@UEAAPEAXI@Z 0000000140004e60 f i FileIO-350487.o
 0001:00003e60       ??_Ebad_alloc@std@@UEAAPEAXI@Z 0000000140004e60 f i FileIO-350487.o
 0001:00003e60       ??_E_System_error@std@@UEAAPEAXI@Z 0000000140004e60 f i FileIO-350487.o
 0001:00003e60       ??_Gbad_alloc@std@@UEAAPEAXI@Z 0000000140004e60 f i FileIO-350487.o
 0001:00003e60       ??_Gfailure@ios_base@std@@UEAAPEAXI@Z 0000000140004e60 f i FileIO-350487.o
 0001:00003e60       ??_Ebad_cast@std@@UEAAPEAXI@Z 0000000140004e60 f i FileIO-350487.o
 0001:00003e60       ??_Gsystem_error@std@@UEAAPEAXI@Z 0000000140004e60 f i FileIO-350487.o
 0001:00003e60       ??_G_System_error@std@@UEAAPEAXI@Z 0000000140004e60 f i FileIO-350487.o
 0001:00003e60       ??_Gexception@std@@UEAAPEAXI@Z 0000000140004e60 f i FileIO-350487.o
 0001:00003e60       ??_Eruntime_error@std@@UEAAPEAXI@Z 0000000140004e60 f i FileIO-350487.o
 0001:00003e60       ??_Esystem_error@std@@UEAAPEAXI@Z 0000000140004e60 f i FileIO-350487.o
 0001:00003e60       ??_Ebad_array_new_length@std@@UEAAPEAXI@Z 0000000140004e60 f i FileIO-350487.o
 0001:00003e60       ??_Gbad_array_new_length@std@@UEAAPEAXI@Z 0000000140004e60 f i FileIO-350487.o
 0001:00003e60       ??_Gruntime_error@std@@UEAAPEAXI@Z 0000000140004e60 f i FileIO-350487.o
 0001:00003e60       ??_Eexception@std@@UEAAPEAXI@Z 0000000140004e60 f i FileIO-350487.o
 0001:00003ed0       ?what@exception@std@@UEBAPEBDXZ 0000000140004ed0 f i FileIO-350487.o
 0001:00003ef0       ??$use_facet@V?$codecvt@DDU_Mbstatet@@@std@@@std@@YAAEBV?$codecvt@DDU_Mbstatet@@@0@AEBVlocale@0@@Z 0000000140004ef0 f i FileIO-350487.o
 0001:000040e0       ?_Throw_bad_cast@std@@YAXXZ 00000001400050e0 f i FileIO-350487.o
 0001:00004120       ??0_Locinfo@std@@QEAA@PEBD@Z 0000000140005120 f i FileIO-350487.o
 0001:00004280       ??1_Locinfo@std@@QEAA@XZ   0000000140005280 f i FileIO-350487.o
 0001:000043a0       ??1?$_Yarn@D@std@@QEAA@XZ  00000001400053a0 f i FileIO-350487.o
 0001:000043a0       ??1?$_Yarn@_W@std@@QEAA@XZ 00000001400053a0 f i FileIO-350487.o
 0001:000043d0       ??_G?$codecvt@DDU_Mbstatet@@@std@@MEAAPEAXI@Z 00000001400053d0 f i FileIO-350487.o
 0001:000043d0       ??_E_Iostream_error_category2@std@@UEAAPEAXI@Z 00000001400053d0 f i FileIO-350487.o
 0001:000043d0       ??_G_Iostream_error_category2@std@@UEAAPEAXI@Z 00000001400053d0 f i FileIO-350487.o
 0001:000043d0       ??_E?$codecvt@DDU_Mbstatet@@@std@@MEAAPEAXI@Z 00000001400053d0 f i FileIO-350487.o
 0001:000043f0       ?_Incref@facet@locale@std@@UEAAXXZ 00000001400053f0 f i FileIO-350487.o
 0001:00004400       ?_Decref@facet@locale@std@@UEAAPEAV_Facet_base@3@XZ 0000000140005400 f i FileIO-350487.o
 0001:00004410       _should_initialize_environment 0000000140005410 f i libcmt:env_mode.obj
 0001:00004410       __acrt_uninitialize_command_line 0000000140005410 f i libucrt:argv_data.obj
 0001:00004410       ?do_always_noconv@?$codecvt@DDU_Mbstatet@@@std@@MEBA_NXZ 0000000140005410 f i FileIO-350487.o
 0001:00004420       _get_startup_argv_mode     0000000140005420 f i libcmt:argv_mode.obj
 0001:00004420       ?do_max_length@codecvt_base@std@@MEBAHXZ 0000000140005420 f i FileIO-350487.o
 0001:00004420       ?do_encoding@codecvt_base@std@@MEBAHXZ 0000000140005420 f i FileIO-350487.o
 0001:00004430       ?do_out@?$codecvt@DDU_Mbstatet@@@std@@MEBAHAEAU_Mbstatet@@PEBD1AEAPEBDPEAD3AEAPEAD@Z 0000000140005430 f i FileIO-350487.o
 0001:00004430       ?do_in@?$codecvt@DDU_Mbstatet@@@std@@MEBAHAEAU_Mbstatet@@PEBD1AEAPEBDPEAD3AEAPEAD@Z 0000000140005430 f i FileIO-350487.o
 0001:00004450       ?do_unshift@?$codecvt@DDU_Mbstatet@@@std@@MEBAHAEAU_Mbstatet@@PEAD1AEAPEAD@Z 0000000140005450 f i FileIO-350487.o
 0001:00004460       ?do_length@?$codecvt@DDU_Mbstatet@@@std@@MEBAHAEAU_Mbstatet@@PEBD1_K@Z 0000000140005460 f i FileIO-350487.o
 0001:00004480       ??_E_Facet_base@std@@UEAAPEAXI@Z 0000000140005480 f i FileIO-350487.o
 0001:00004480       ??_G_Facet_base@std@@UEAAPEAXI@Z 0000000140005480 f i FileIO-350487.o
 0001:00004490       ??0bad_cast@std@@QEAA@AEBV01@@Z 0000000140005490 f i FileIO-350487.o
 0001:00004500       ??_Gios_base@std@@UEAAPEAXI@Z 0000000140005500 f i FileIO-350487.o
 0001:00004500       ??_G?$basic_ios@DU?$char_traits@D@std@@@std@@UEAAPEAXI@Z 0000000140005500 f i FileIO-350487.o
 0001:00004560       ??_E?$basic_ifstream@DU?$char_traits@D@std@@@std@@$4PPPPPPPM@A@EAAPEAXI@Z 0000000140005560 f i FileIO-350487.o
 0001:00004630       ?open@?$basic_filebuf@DU?$char_traits@D@std@@@std@@QEAAPEAV12@PEBDHH@Z 0000000140005630 f i FileIO-350487.o
 0001:00004830       ?init@?$basic_ios@DU?$char_traits@D@std@@@std@@IEAAXPEAV?$basic_streambuf@DU?$char_traits@D@std@@@2@_N@Z 0000000140005830 f i FileIO-350487.o
 0001:000049d0       ??_E?$basic_ostream@DU?$char_traits@D@std@@@std@@$4PPPPPPPM@A@EAAPEAXI@Z 00000001400059d0 f i FileIO-350487.o
 0001:00004a50       ?make_error_code@std@@YA?AVerror_code@1@W4io_errc@1@@Z 0000000140005a50 f i FileIO-350487.o
 0001:00004ad0       ??0failure@ios_base@std@@QEAA@PEBDAEBVerror_code@2@@Z 0000000140005ad0 f i FileIO-350487.o
 0001:00004b10       ??0failure@ios_base@std@@QEAA@AEBV012@@Z 0000000140005b10 f i FileIO-350487.o
 0001:00004b90       ??0system_error@std@@QEAA@AEBV01@@Z 0000000140005b90 f i FileIO-350487.o
 0001:00004c10       ??0_System_error@std@@QEAA@AEBV01@@Z 0000000140005c10 f i FileIO-350487.o
 0001:00004c90       ??0runtime_error@std@@QEAA@AEBV01@@Z 0000000140005c90 f i FileIO-350487.o
 0001:00004d00       ??1exception@std@@UEAA@XZ  0000000140005d00 f i FileIO-350487.o
 0001:00004d50       ?name@_Iostream_error_category2@std@@UEBAPEBDXZ 0000000140005d50 f i FileIO-350487.o
 0001:00004d60       ?message@_Iostream_error_category2@std@@UEBA?AV?$basic_string@DU?$char_traits@D@std@@V?$allocator@D@2@@2@H@Z 0000000140005d60 f i FileIO-350487.o
 0001:00004e00       ?default_error_condition@error_category@std@@UEBA?AVerror_condition@2@H@Z 0000000140005e00 f i FileIO-350487.o
 0001:00004e10       ?equivalent@error_category@std@@UEBA_NAEBVerror_code@2@H@Z 0000000140005e10 f i FileIO-350487.o
 0001:00004e30       ?equivalent@error_category@std@@UEBA_NHAEBVerror_condition@2@@Z 0000000140005e30 f i FileIO-350487.o
 0001:00004e70       ??$_Reallocate_for@V<lambda_1>@?0??assign@?$basic_string@DU?$char_traits@D@std@@V?$allocator@D@2@@std@@QEAAAEAV34@QEBD_K@Z@PEBD@?$basic_string@DU?$char_traits@D@std@@V?$allocator@D@2@@std@@AEAAAEAV01@_KV<lambda_1>@?0??assign@01@QEAAAEAV01@QEBD0@Z@PEBD@Z 0000000140005e70 f i FileIO-350487.o
 0001:00004fd0       ??0system_error@std@@QEAA@Verror_code@1@PEBD@Z 0000000140005fd0 f i FileIO-350487.o
 0001:00005140       ??0_System_error@std@@IEAA@Verror_code@1@AEBV?$basic_string@DU?$char_traits@D@std@@V?$allocator@D@2@@1@@Z 0000000140006140 f i FileIO-350487.o
 0001:00005300       ?_Makestr@_System_error@std@@CA?AV?$basic_string@DU?$char_traits@D@std@@V?$allocator@D@2@@2@Verror_code@2@V32@@Z 0000000140006300 f i FileIO-350487.o
 0001:00005590       ??$_Reallocate_grow_by@V<lambda_1>@?0??append@?$basic_string@DU?$char_traits@D@std@@V?$allocator@D@2@@std@@QEAAAEAV34@QEBD_K@Z@PEBD_K@?$basic_string@DU?$char_traits@D@std@@V?$allocator@D@2@@std@@AEAAAEAV01@_KV<lambda_1>@?0??append@01@QEAAAEAV01@QEBD0@Z@PEBD_K@Z 0000000140006590 f i FileIO-350487.o
 0001:00005740       ??$use_facet@V?$ctype@D@std@@@std@@YAAEBV?$ctype@D@0@AEBVlocale@0@@Z 0000000140006740 f i FileIO-350487.o
 0001:000058c0       ?_Getcat@?$ctype@D@std@@SA_KPEAPEBVfacet@locale@2@PEBV42@@Z 00000001400068c0 f i FileIO-350487.o
 0001:000059d0       ??_E?$ctype@D@std@@MEAAPEAXI@Z 00000001400069d0 f i FileIO-350487.o
 0001:000059d0       ??_G?$ctype@D@std@@MEAAPEAXI@Z 00000001400069d0 f i FileIO-350487.o
 0001:00005a30       ?do_tolower@?$ctype@D@std@@MEBAPEBDPEADPEBD@Z 0000000140006a30 f i FileIO-350487.o
 0001:00005a80       ?do_tolower@?$ctype@D@std@@MEBADD@Z 0000000140006a80 f i FileIO-350487.o
 0001:00005a90       ?do_toupper@?$ctype@D@std@@MEBAPEBDPEADPEBD@Z 0000000140006a90 f i FileIO-350487.o
 0001:00005ae0       ?do_toupper@?$ctype@D@std@@MEBADD@Z 0000000140006ae0 f i FileIO-350487.o
 0001:00005af0       ?do_widen@?$ctype@D@std@@MEBAPEBDPEBD0PEAD@Z 0000000140006af0 f i FileIO-350487.o
 0001:00005b10       ?do_narrow@?$ctype@D@std@@MEBADDD@Z 0000000140006b10 f i FileIO-350487.o
 0001:00005b10       ?do_widen@?$ctype@D@std@@MEBADD@Z 0000000140006b10 f i FileIO-350487.o
 0001:00005b20       ?do_narrow@?$ctype@D@std@@MEBAPEBDPEBD0DPEAD@Z 0000000140006b20 f i FileIO-350487.o
 0001:00005b40       ?flush@?$basic_ostream@DU?$char_traits@D@std@@@std@@QEAAAEAV12@XZ 0000000140006b40 f i FileIO-350487.o
 0001:00005e40       ??1_Sentry_base@?$basic_ostream@DU?$char_traits@D@std@@@std@@QEAA@XZ 0000000140006e40 f i FileIO-350487.o
 0001:00005ea0       ?_Osfx@?$basic_ostream@DU?$char_traits@D@std@@@std@@QEAAXXZ 0000000140006ea0 f i FileIO-350487.o
 0001:00005fd0       ??_E?$basic_istream@DU?$char_traits@D@std@@@std@@$4PPPPPPPM@A@EAAPEAXI@Z 0000000140006fd0 f i FileIO-350487.o
 0001:00006050       ?_Ipfx@?$basic_istream@DU?$char_traits@D@std@@@std@@QEAA_N_N@Z 0000000140007050 f i FileIO-350487.o
 0001:00006340       ??0Int32Array@@QEAA@XZ     0000000140007340 f   Int32Array-5526f9.o
 0001:00006380       ??0Int32Array@@QEAA@AEBV0@@Z 0000000140007380 f   Int32Array-5526f9.o
 0001:000063e0       ??1Int32Array@@QEAA@XZ     00000001400073e0 f   Int32Array-5526f9.o
 0001:000063f0       ?setSize@Int32Array@@QEAAXH@Z 00000001400073f0 f   Int32Array-5526f9.o
 0001:00006450       ?increaseAppendSize@Int32Array@@AEAAXH@Z 0000000140007450 f   Int32Array-5526f9.o
 0001:00006740       ?appendVal@Int32Array@@QEAAXH@Z 0000000140007740 f   Int32Array-5526f9.o
 0001:000067c0       ?copy@Int32Array@@QEAAXAEBV1@@Z 00000001400077c0 f   Int32Array-5526f9.o
 0001:00006890       ??0Int64Array@@QEAA@XZ     0000000140007890 f   Int64Array-5804d3.o
 0001:000068d0       ??0Int64Array@@QEAA@AEBV0@@Z 00000001400078d0 f   Int64Array-5804d3.o
 0001:00006930       ??1Int64Array@@QEAA@XZ     0000000140007930 f   Int64Array-5804d3.o
 0001:00006940       ?setSize@Int64Array@@QEAAXH@Z 0000000140007940 f   Int64Array-5804d3.o
 0001:000069a0       ?increaseAppendSize@Int64Array@@AEAAXH@Z 00000001400079a0 f   Int64Array-5804d3.o
 0001:00006cb0       ?appendVal@Int64Array@@QEAAX_J@Z 0000000140007cb0 f   Int64Array-5804d3.o
 0001:00006d30       ?copy@Int64Array@@QEAAXAEBV1@@Z 0000000140007d30 f   Int64Array-5804d3.o
 0001:00006e00       ?makeRandomBytes@Randomish@@SAXAEAVUint16Buf@@H@Z 0000000140007e00 f   Randomish-b10a2c.o
 0001:000071b0       ?printF@StIO@@SAXPEBD@Z    00000001400081b0 f   StIO-b4f29a.o
 0001:000071d0       ?putS@StIO@@SAXPEBD@Z      00000001400081d0 f   StIO-b4f29a.o
 0001:000071e0       ?printFD@StIO@@SAXH@Z      00000001400081e0 f   StIO-b4f29a.o
 0001:00007200       ?putChar@StIO@@SAXH@Z      0000000140008200 f   StIO-b4f29a.o
 0001:00007210       printf                     0000000140008210 f i StIO-b4f29a.o
 0001:00007270       __local_stdio_printf_options 0000000140008270 f i StIO-b4f29a.o
 0001:00007280       ??0Str@@QEAA@PEBD@Z        0000000140008280 f   Str-dfaf64.o
 0001:00007340       ??0Str@@QEAA@QEADH@Z       0000000140008340 f   Str-dfaf64.o
 0001:000073c0       ??0Str@@QEAA@AEBV0@@Z      00000001400083c0 f   Str-dfaf64.o
 0001:00007460       ??0Str@@QEAA@AEBV0@0@Z     0000000140008460 f   Str-dfaf64.o
 0001:00007550       ??0Str@@QEAA@_J@Z          0000000140008550 f   Str-dfaf64.o
 0001:00007740       ??1Str@@QEAA@XZ            0000000140008740 f   Str-dfaf64.o
 0001:00007750       ?copy@Str@@QEAAXAEBV1@@Z   0000000140008750 f   Str-dfaf64.o
 0001:000077f0       ?charsLength@Str@@SAHPEBD@Z 00000001400087f0 f   Str-dfaf64.o
 0001:00007850       ?reverse@Str@@QEAAXXZ      0000000140008850 f   Str-dfaf64.o
 0001:00007a90       ?sleep@Threads@@SAXH@Z     0000000140008a90 f   Threads-f0ce4a.o
 0001:00007ab0       ??$sleep_for@_JU?$ratio@$00$0DOI@@std@@@this_thread@std@@YAXAEBV?$duration@_JU?$ratio@$00$0DOI@@std@@@chrono@1@@Z 0000000140008ab0 f i Threads-f0ce4a.o
 0001:00007bb0       ??$sleep_until@Usteady_clock@chrono@std@@V?$duration@_JU?$ratio@$00$0DLJKMKAA@@std@@@23@@this_thread@std@@YAXAEBV?$time_point@Usteady_clock@chrono@std@@V?$duration@_JU?$ratio@$00$0DLJKMKAA@@std@@@23@@chrono@1@@Z 0000000140008bb0 f i Threads-f0ce4a.o
 0001:00007d50       ??0Timing@@QEAA@XZ         0000000140008d50 f   Timing-c20497.o
 0001:00007df0       ?setNow@Timing@@QEAAXXZ    0000000140008df0 f   Timing-c20497.o
 0001:00007e80       ?diffSec@Timing@@QEAA_JAEAV1@@Z 0000000140008e80 f   Timing-c20497.o
 0001:00007e90       ?timeStr@Timing@@QEAA?AVStr@@XZ 0000000140008e90 f   Timing-c20497.o
 0001:00008070       ??0Uint16Buf@@QEAA@XZ      0000000140009070 f   Uint16Buf-6d26b0.o
 0001:000080a0       ??0Uint16Buf@@QEAA@AEBV0@@Z 00000001400090a0 f   Uint16Buf-6d26b0.o
 0001:000080e0       ??1Uint16Buf@@QEAA@XZ      00000001400090e0 f   Uint16Buf-6d26b0.o
 0001:000080f0       ?increaseSize@Uint16Buf@@AEAAXH@Z 00000001400090f0 f   Uint16Buf-6d26b0.o
 0001:000083e0       ?appendVal@Uint16Buf@@QEAAXG@Z 00000001400093e0 f   Uint16Buf-6d26b0.o
 0001:00008490       WSAStartup                 0000000140009490 f   wsock32:WSOCK32.dll
 0001:00008496       WSACleanup                 0000000140009496 f   wsock32:WSOCK32.dll
 0001:0000849c       closesocket                000000014000949c f   wsock32:WSOCK32.dll
 0001:000084a4       ??_Gtype_info@@UEAAPEAXI@Z 00000001400094a4 f i libcmt:std_type_info_static.obj
 0001:000084a4       ??_Etype_info@@UEAAPEAXI@Z 00000001400094a4 f i libcmt:std_type_info_static.obj
 0001:000084d0       ??_U@YAPEAX_K@Z            00000001400094d0 f   libcmt:new_array.obj
 0001:000084d8       ??_V@YAXPEAX@Z             00000001400094d8 f   libcmt:delete_array.obj
 0001:000084d8       ??3@YAXPEAX_K@Z            00000001400094d8 f   libcmt:delete_scalar_size.obj
 0001:000085d8       _Init_thread_footer        00000001400095d8 f   libcmt:thread_safe_statics.obj
 0001:00008638       _Init_thread_header        0000000140009638 f   libcmt:thread_safe_statics.obj
 0001:000086a0       _Init_thread_notify        00000001400096a0 f   libcmt:thread_safe_statics.obj
 0001:000086e4       _Init_thread_wait          00000001400096e4 f   libcmt:thread_safe_statics.obj
 0001:00008748       __scrt_acquire_startup_lock 0000000140009748 f   libcmt:utility.obj
 0001:00008784       __scrt_initialize_crt      0000000140009784 f   libcmt:utility.obj
 0001:000087d0       __scrt_initialize_onexit_tables 00000001400097d0 f   libcmt:utility.obj
 0001:0000885c       __scrt_is_nonwritable_in_current_image 000000014000985c f   libcmt:utility.obj
 0001:000088f4       __scrt_release_startup_lock 00000001400098f4 f   libcmt:utility.obj
 0001:00008918       __scrt_uninitialize_crt    0000000140009918 f   libcmt:utility.obj
 0001:00008944       _onexit                    0000000140009944 f   libcmt:utility.obj
 0001:00008980       atexit                     0000000140009980 f   libcmt:utility.obj
 0001:00008998       ??2@YAPEAX_K@Z             0000000140009998 f   libcmt:new_scalar.obj
 0001:000089d4       ??3@YAXPEAX@Z              00000001400099d4 f   libcmt:delete_scalar.obj
 0001:000089f0       _alloca_probe              00000001400099f0 f   libcmt:chkstk.obj
 0001:000089f0       __chkstk                   00000001400099f0 f   libcmt:chkstk.obj
 0001:00008ca0       mainCRTStartup             0000000140009ca0 f   libcmt:exe_main.obj
 0001:00008cb4       __crt_debugger_hook        0000000140009cb4 f   libcmt:utility_desktop.obj
 0001:00008cbc       __scrt_fastfail            0000000140009cbc f   libcmt:utility_desktop.obj
 0001:00008e08       __scrt_initialize_mta      0000000140009e08 f   libcmt:utility_desktop.obj
 0001:00008e10       _get_startup_new_mode      0000000140009e10 f   libcmt:new_mode.obj
 0001:00008e10       __scrt_initialize_winrt    0000000140009e10 f   libcmt:utility_desktop.obj
 0001:00008e10       _get_startup_commit_mode   0000000140009e10 f   libcmt:commit_mode.obj
 0001:00008e10       __scrt_stub_for_initialize_mta 0000000140009e10 f   libcmt:utility_desktop.obj
 0001:00008e10       __scrt_exe_initialize_mta  0000000140009e10 f   libcmt:utility_desktop.obj
 0001:00008e10       _get_startup_thread_locale_mode 0000000140009e10 f   libcmt:thread_locale.obj
 0001:00008e10       _matherr                   0000000140009e10 f   libcmt:matherr.obj
 0001:00008e14       __scrt_is_managed_app      0000000140009e14 f   libcmt:utility_desktop.obj
 0001:00008e68       __scrt_set_unhandled_exception_filter 0000000140009e68 f   libcmt:utility_desktop.obj
 0001:00008e78       __scrt_unhandled_exception_filter 0000000140009e78 f   libcmt:utility_desktop.obj
 0001:00008ed4       _guard_check_icall_nop     0000000140009ed4 f i libcmt:guard_support.obj
 0001:00008ed4       _initialize_denormal_control 0000000140009ed4 f i libcmt:denormal_control.obj
 0001:00008ed4       _initialize_invalid_parameter_handler 0000000140009ed4 f i libcmt:invalid_parameter_handler.obj
 0001:00008ed8       __isa_available_init       0000000140009ed8 f   libcmt:cpu_disp.obj
 0001:00009084       __scrt_is_ucrt_dll_in_use  000000014000a084 f   libcmt:ucrt_detection.obj
 0001:00009090       ??0bad_alloc@std@@QEAA@XZ  000000014000a090 f i libcmt:throw_bad_alloc.obj
 0001:000090b0       ??0bad_array_new_length@std@@QEAA@XZ 000000014000a0b0 f i libcmt:throw_bad_alloc.obj
 0001:000090d0       ??1runtime_error@std@@UEAA@XZ 000000014000a0d0 f i libcpmt:xthrow.obj
 0001:000090d0       ??1out_of_range@std@@UEAA@XZ 000000014000a0d0 f i libcpmt:xthrow.obj
 0001:000090d0       ??1length_error@std@@UEAA@XZ 000000014000a0d0 f i libcpmt:xthrow.obj
 0001:000090d0       ??1bad_alloc@std@@UEAA@XZ  000000014000a0d0 f i libcmt:throw_bad_alloc.obj
 0001:000090d0       ??1bad_exception@std@@UEAA@XZ 000000014000a0d0 f i libvcruntime:frame.obj
 0001:000090e4       ?__scrt_throw_std_bad_alloc@@YAXXZ 000000014000a0e4 f   libcmt:throw_bad_alloc.obj
 0001:00009104       ?__scrt_throw_std_bad_array_new_length@@YAXXZ 000000014000a104 f   libcmt:throw_bad_alloc.obj
 0001:00009124       __security_init_cookie     000000014000a124 f   libcmt:gs_support.obj
 0001:000091d0       _get_startup_file_mode     000000014000a1d0 f   libcmt:file_mode.obj
 0001:000091d8       ?__scrt_initialize_type_info@@YAXXZ 000000014000a1d8 f   libcmt:tncleanup.obj
 0001:000091e8       __local_stdio_scanf_options 000000014000a1e8 f i libcmt:default_local_stdio_options.obj
 0001:000091f0       __scrt_initialize_default_local_stdio_options 000000014000a1f0 f   libcmt:default_local_stdio_options.obj
 0001:0000920c       __scrt_is_user_matherr_present 000000014000a20c f   libcmt:matherr_detection.obj
 0001:00009218       __scrt_get_dyn_tls_init_callback 000000014000a218 f   libcmt:dyn_tls_init.obj
 0001:00009220       __scrt_get_dyn_tls_dtor_callback 000000014000a220 f   libcmt:dyn_tls_dtor.obj
 0001:00009228       _RTC_Initialize            000000014000a228 f   libcmt:initsect.obj
 0001:00009264       _RTC_Terminate             000000014000a264 f   libcmt:initsect.obj
 0001:000092a0       ?_Addstd@ios_base@std@@SAXPEAV12@@Z 000000014000a2a0 f   libcpmt:ios.obj
 0001:00009318       ?_Ios_base_dtor@ios_base@std@@CAXPEAV12@@Z 000000014000a318 f   libcpmt:ios.obj
 0001:00009390       ?_Tidy@ios_base@std@@AEAAXXZ 000000014000a390 f i libcpmt:ios.obj
 0001:00009410       ??0_Locimp@locale@std@@AEAA@_N@Z 000000014000a410 f i libcpmt:locale0.obj
 0001:00009498       ??4?$_Yarn@D@std@@QEAAAEAV01@PEBD@Z 000000014000a498 f i libcpmt:locale0.obj
 0001:00009510       ??_G_Locimp@locale@std@@MEAAPEAXI@Z 000000014000a510 f i libcpmt:locale0.obj
 0001:00009510       ??_E_Locimp@locale@std@@MEAAPEAXI@Z 000000014000a510 f i libcpmt:locale0.obj
 0001:0000956c       ?_Facet_Register@std@@YAXPEAV_Facet_base@1@@Z 000000014000a56c f   libcpmt:locale0.obj
 0001:000095a4       ?_Getgloballocale@locale@std@@CAPEAV_Locimp@12@XZ 000000014000a5a4 f   libcpmt:locale0.obj
 0001:000095ac       ?_Init@locale@std@@CAPEAV_Locimp@12@_N@Z 000000014000a5ac f   libcpmt:locale0.obj
 0001:000096a4       ?_Locimp_dtor@_Locimp@locale@std@@CAXPEAV123@@Z 000000014000a6a4 f   libcpmt:locale0.obj
 0001:00009720       ?_Locinfo_ctor@_Locinfo@std@@SAXPEAV12@PEBD@Z 000000014000a720 f   libcpmt:locale0.obj
 0001:0000978c       ?_Locinfo_dtor@_Locinfo@std@@SAXPEAV12@@Z 000000014000a78c f   libcpmt:locale0.obj
 0001:000097a8       ?_New_Locimp@_Locimp@locale@std@@CAPEAV123@_N@Z 000000014000a7a8 f   libcpmt:locale0.obj
 0001:000097d8       ?_Setgloballocale@locale@std@@CAXPEAX@Z 000000014000a7d8 f   libcpmt:locale0.obj
 0001:0000980c       _Deletegloballocale        000000014000a80c f   libcpmt:locale0.obj
 0001:0000987c       ?uncaught_exception@std@@YA_NXZ 000000014000a87c f   libcpmt:uncaught_exception.obj
 0001:00009884       ??0length_error@std@@QEAA@AEBV01@@Z 000000014000a884 f i libcpmt:xthrow.obj
 0001:000098c0       ??0length_error@std@@QEAA@PEBD@Z 000000014000a8c0 f i libcpmt:xthrow.obj
 0001:00009908       ??0logic_error@std@@QEAA@AEBV01@@Z 000000014000a908 f i libcpmt:xthrow.obj
 0001:00009944       ??0out_of_range@std@@QEAA@AEBV01@@Z 000000014000a944 f i libcpmt:xthrow.obj
 0001:00009980       ??0out_of_range@std@@QEAA@PEBD@Z 000000014000a980 f i libcpmt:xthrow.obj
 0001:000099c8       ??0runtime_error@std@@QEAA@PEBD@Z 000000014000a9c8 f i libcpmt:xthrow.obj
 0001:00009a10       ??_Eout_of_range@std@@UEAAPEAXI@Z 000000014000aa10 f i libcpmt:xthrow.obj
 0001:00009a10       ??_Glogic_error@std@@UEAAPEAXI@Z 000000014000aa10 f i libcpmt:xthrow.obj
 0001:00009a10       ??_Elogic_error@std@@UEAAPEAXI@Z 000000014000aa10 f i libcpmt:xthrow.obj
 0001:00009a10       ??_Gout_of_range@std@@UEAAPEAXI@Z 000000014000aa10 f i libcpmt:xthrow.obj
 0001:00009a10       ??_Ebad_exception@std@@UEAAPEAXI@Z 000000014000aa10 f i libvcruntime:frame.obj
 0001:00009a10       ??_Gbad_exception@std@@UEAAPEAXI@Z 000000014000aa10 f i libvcruntime:frame.obj
 0001:00009a10       ??_Elength_error@std@@UEAAPEAXI@Z 000000014000aa10 f i libcpmt:xthrow.obj
 0001:00009a10       ??_Glength_error@std@@UEAAPEAXI@Z 000000014000aa10 f i libcpmt:xthrow.obj
 0001:00009a54       ?_Xlength_error@std@@YAXPEBD@Z 000000014000aa54 f   libcpmt:xthrow.obj
 0001:00009a78       ?_Xout_of_range@std@@YAXPEBD@Z 000000014000aa78 f   libcpmt:xthrow.obj
 0001:00009a9c       ?_Xruntime_error@std@@YAXPEBD@Z 000000014000aa9c f   libcpmt:xthrow.obj
 0001:00009ac0       ??0_Init_locks@std@@QEAA@XZ 000000014000aac0 f   libcpmt:xlock.obj
 0001:00009b04       ??0_Lockit@std@@QEAA@H@Z   000000014000ab04 f   libcpmt:xlock.obj
 0001:00009b40       ??1_Init_locks@std@@QEAA@XZ 000000014000ab40 f   libcpmt:xlock.obj
 0001:00009b7c       ??1_Lockit@std@@QEAA@XZ    000000014000ab7c f   libcpmt:xlock.obj
 0001:00009bb0       ??$_Xfiopen@D@std@@YAPEAU_iobuf@@PEBDHH@Z 000000014000abb0 f i libcpmt:fiopen.obj
 0001:00009cbc       ?_Fiopen@std@@YAPEAU_iobuf@@PEBDHH@Z 000000014000acbc f   libcpmt:fiopen.obj
 0001:00009cc4       ?_Syserror_map@std@@YAPEBDH@Z 000000014000acc4 f   libcpmt:syserror.obj
 0001:00009cec       _Getctype                  000000014000acec f   libcpmt:_tolower.obj
 0001:00009dac       _Tolower                   000000014000adac f   libcpmt:_tolower.obj
 0001:00009ee0       _Toupper                   000000014000aee0 f   libcpmt:_toupper.obj
 0001:0000a024       ?_Random_device@std@@YAIXZ 000000014000b024 f   libcpmt:xrngdev.obj
 0001:0000a04c       _Query_perf_counter        000000014000b04c f   libcpmt:xtime.obj
 0001:0000a068       _Query_perf_frequency      000000014000b068 f   libcpmt:xtime.obj
 0001:0000a094       _Xtime_diff_to_millis2     000000014000b094 f   libcpmt:xtime.obj
 0001:0000a168       _Xtime_get_ticks           000000014000b168 f   libcpmt:xtime.obj
 0001:0000a198       xtime_get                  000000014000b198 f   libcpmt:xtime.obj
 0001:0000a1f0       _Thrd_sleep                000000014000b1f0 f   libcpmt:cthread.obj
 0001:0000a264       ?_Atexit@@YAXP6AXXZ@Z      000000014000b264 f   libcpmt:iosptrs.obj
 0001:0000a2a0       _Mtxdst                    000000014000b2a0 f   libcpmt:xmtx.obj
 0001:0000a2a8       _Mtxinit                   000000014000b2a8 f   libcpmt:xmtx.obj
 0001:0000a2b8       _Mtxlock                   000000014000b2b8 f   libcpmt:xmtx.obj
 0001:0000a2c0       _Mtxunlock                 000000014000b2c0 f   libcpmt:xmtx.obj
 0001:0000a2c8       __crtLCMapStringA          000000014000b2c8 f   libcpmt:StlLCMapStringA.obj
 0001:0000a978       __crtGetSystemTimePreciseAsFileTime 000000014000b978 f   libcpmt:winapisupp.obj
 0001:0000a994       ??$_CallSETranslator@V__FrameHandler3@@@@YAHPEAUEHExceptionRecord@@PEA_KPEAU_CONTEXT@@PEAU_xDISPATCHER_CONTEXT@@PEBU_s_FuncInfo@@K1H@Z 000000014000b994 f i libvcruntime:risctrnsctrl.obj
 0001:0000a9e8       ??$_CallSETranslator@V__FrameHandler4@@@@YAHPEAUEHExceptionRecord@@PEA_KPEAU_CONTEXT@@PEAU_xDISPATCHER_CONTEXT@@PEAUFuncInfo4@FH4@@K1H@Z 000000014000b9e8 f i libvcruntime:risctrnsctrl.obj
 0001:0000aa3c       ?CatchTryBlock@__FrameHandler3@@SAPEBU_s_TryBlockMapEntry@@PEBU_s_FuncInfo@@H@Z 000000014000ba3c f   libvcruntime:risctrnsctrl.obj
 0001:0000aaa0       ?DecompFuncInfo@FH4@@YA_JPEAEAEAUFuncInfo4@1@_KH_N@Z 000000014000baa0 f i libvcruntime:risctrnsctrl.obj
 0001:0000abc4       ?ExecutionInCatch@__FrameHandler3@@SA_NPEAU_xDISPATCHER_CONTEXT@@PEBU_s_FuncInfo@@@Z 000000014000bbc4 f   libvcruntime:risctrnsctrl.obj
 0001:0000abf0       ?ExecutionInCatch@__FrameHandler4@@SA_NPEAU_xDISPATCHER_CONTEXT@@PEAUFuncInfo4@FH4@@@Z 000000014000bbf0 f   libvcruntime:risctrnsctrl.obj
 0001:0000abf8       ?FrameUnwindToEmptyState@__FrameHandler3@@SAXPEA_KPEAU_xDISPATCHER_CONTEXT@@PEBU_s_FuncInfo@@@Z 000000014000bbf8 f   libvcruntime:risctrnsctrl.obj
 0001:0000ac5c       ?FrameUnwindToEmptyState@__FrameHandler4@@SAXPEA_KPEAU_xDISPATCHER_CONTEXT@@PEAUFuncInfo4@FH4@@@Z 000000014000bc5c f   libvcruntime:risctrnsctrl.obj
 0001:0000ac90       ?GetEstablisherFrame@__FrameHandler3@@SAPEA_KPEA_KPEAU_xDISPATCHER_CONTEXT@@PEBU_s_FuncInfo@@0@Z 000000014000bc90 f   libvcruntime:risctrnsctrl.obj
 0001:0000ad5c       ?GetEstablisherFrame@__FrameHandler4@@SAPEA_KPEA_KPEAU_xDISPATCHER_CONTEXT@@PEAUFuncInfo4@FH4@@0@Z 000000014000bd5c f   libvcruntime:risctrnsctrl.obj
 0001:0000ad80       ?GetRangeOfTrysToCheck@__FrameHandler3@@SA?AU?$pair@Viterator@TryBlockMap@__FrameHandler3@@V123@@std@@AEAVTryBlockMap@1@HPEAU_xDISPATCHER_CONTEXT@@PEBU_s_FuncInfo@@H@Z 000000014000bd80 f   libvcruntime:risctrnsctrl.obj
 0001:0000aec0       ?GetRangeOfTrysToCheck@__FrameHandler4@@SA?AU?$pair@Viterator@TryBlockMap4@FH4@@V123@@std@@AEAVTryBlockMap4@FH4@@HPEAU_xDISPATCHER_CONTEXT@@PEAUFuncInfo4@5@H@Z 000000014000bec0 f   libvcruntime:risctrnsctrl.obj
 0001:0000b02c       ?UnwindNestedFrames@__FrameHandler3@@SAXPEA_KPEAUEHExceptionRecord@@PEAU_CONTEXT@@0PEAXPEBU_s_FuncInfo@@HHPEBU_s_HandlerType@@PEAU_xDISPATCHER_CONTEXT@@E@Z 000000014000c02c f   libvcruntime:risctrnsctrl.obj
 0001:0000b130       ?UnwindNestedFrames@__FrameHandler4@@SAXPEA_KPEAUEHExceptionRecord@@PEAU_CONTEXT@@0PEAXPEAUFuncInfo4@FH4@@HHPEAUHandlerType4@5@PEAU_xDISPATCHER_CONTEXT@@E@Z 000000014000c130 f   libvcruntime:risctrnsctrl.obj
 0001:0000b250       ?setBuffer@TryBlockMap4@FH4@@QEAAXViterator@12@@Z 000000014000c250 f i libvcruntime:risctrnsctrl.obj
 0001:0000b414       _CreateFrameInfo           000000014000c414 f   libvcruntime:risctrnsctrl.obj
 0001:0000b450       _FindAndUnlinkFrame        000000014000c450 f   libvcruntime:risctrnsctrl.obj
 0001:0000b4a4       _GetImageBase              000000014000c4a4 f   libvcruntime:risctrnsctrl.obj
 0001:0000b4b8       _GetThrowImageBase         000000014000c4b8 f   libvcruntime:risctrnsctrl.obj
 0001:0000b4cc       _SetImageBase              000000014000c4cc f   libvcruntime:risctrnsctrl.obj
 0001:0000b4e4       _SetThrowImageBase         000000014000c4e4 f   libvcruntime:risctrnsctrl.obj
 0001:0000b4fc       __CxxFrameHandler3         000000014000c4fc f   libvcruntime:risctrnsctrl.obj
 0001:0000b584       __CxxFrameHandler4         000000014000c584 f   libvcruntime:risctrnsctrl.obj
 0001:0000b644       _CxxThrowException         000000014000c644 f   libvcruntime:throw.obj
 0001:0000b6e4       __DestructExceptionObject  000000014000c6e4 f   libvcruntime:ehhelpers.obj
 0001:0000b754       ?_CallMemberFunction0@@YAXQEAX0@Z 000000014000c754 f i libvcruntime:ehhelpers.obj
 0001:0000b758       _IsExceptionObjectToBeDestroyed 000000014000c758 f   libvcruntime:ehhelpers.obj
 0001:0000b788       __AdjustPointer            000000014000c788 f   libvcruntime:ehhelpers.obj
 0001:0000b7ac       __FrameUnwindFilter        000000014000c7ac f   libvcruntime:ehhelpers.obj
 0001:0000b814       __current_exception        000000014000c814 f   libvcruntime:ehhelpers.obj
 0001:0000b828       __current_exception_context 000000014000c828 f   libvcruntime:ehhelpers.obj
 0001:0000b83c       __std_terminate            000000014000c83c f   libvcruntime:ehhelpers.obj
 0001:0000b860       memcpy_repmovs             000000014000c860 f   libvcruntime:memcpy.obj
 0001:0000b880       memcpy                     000000014000c880 f   libvcruntime:memcpy.obj
 0001:0000b880       memmove                    000000014000c880 f   libvcruntime:memcpy.obj
 0001:0000bef8       __std_exception_copy       000000014000cef8 f   libvcruntime:std_exception.obj
 0001:0000bf88       __std_exception_destroy    000000014000cf88 f   libvcruntime:std_exception.obj
 0001:0000bfb0       _get_purecall_handler      000000014000cfb0 f   libvcruntime:purevirt.obj
 0001:0000bfbc       _purecall                  000000014000cfbc f   libvcruntime:purevirt.obj
 0001:0000bfd8       __vcrt_initialize          000000014000cfd8 f   libvcruntime:initialization.obj
 0001:0000c000       __vcrt_uninitialize        000000014000d000 f   libvcruntime:initialization.obj
 0001:0000c01c       __C_specific_handler       000000014000d01c f   libvcruntime:riscchandler.obj
 0001:0000c230       memset_repstos             000000014000d230 f   libvcruntime:memset.obj
 0001:0000c250       memset                     000000014000d250 f   libvcruntime:memset.obj
 0001:0000c5d8       __std_type_info_compare    000000014000d5d8 f   libvcruntime:std_type_info.obj
 0001:0000c600       __uncaught_exception       000000014000d600 f   libvcruntime:uncaught_exception.obj
 0001:0000c630       memchr                     000000014000d630 f   libvcruntime:memchr.obj
 0001:0000c6b0       memcmp                     000000014000d6b0 f   libvcruntime:memcmp.obj
 0001:0000c778       __vcrt_freefls             000000014000d778 f   libvcruntime:per_thread_data.obj
 0001:0000c798       __vcrt_getptd              000000014000d798 f   libvcruntime:per_thread_data.obj
 0001:0000c7b4       __vcrt_getptd_noexit       000000014000d7b4 f   libvcruntime:per_thread_data.obj
 0001:0000c874       __vcrt_getptd_noinit       000000014000d874 f   libvcruntime:per_thread_data.obj
 0001:0000c8c4       __vcrt_initialize_ptd      000000014000d8c4 f   libvcruntime:per_thread_data.obj
 0001:0000c90c       __vcrt_uninitialize_ptd    000000014000d90c f   libvcruntime:per_thread_data.obj
 0001:0000c930       ?GetCurrentState@__FrameHandler3@@SAHPEA_KPEAU_xDISPATCHER_CONTEXT@@PEBU_s_FuncInfo@@@Z 000000014000d930 f   libvcruntime:ehstate.obj
 0001:0000c958       ?GetUnwindTryBlock@__FrameHandler3@@SAHPEA_KPEAU_xDISPATCHER_CONTEXT@@PEBU_s_FuncInfo@@@Z 000000014000d958 f   libvcruntime:ehstate.obj
 0001:0000c984       ?SetState@__FrameHandler3@@SAXPEA_KPEBU_s_FuncInfo@@H@Z 000000014000d984 f   libvcruntime:ehstate.obj
 0001:0000c990       ?SetUnwindTryBlock@__FrameHandler3@@SAXPEA_KPEAU_xDISPATCHER_CONTEXT@@PEBU_s_FuncInfo@@H@Z 000000014000d990 f   libvcruntime:ehstate.obj
 0001:0000c9cc       ?StateFromControlPc@__FrameHandler3@@SAHPEBU_s_FuncInfo@@PEAU_xDISPATCHER_CONTEXT@@@Z 000000014000d9cc f   libvcruntime:ehstate.obj
 0001:0000c9d4       ?StateFromControlPc@__FrameHandler4@@SAHPEAUFuncInfo4@FH4@@PEAU_xDISPATCHER_CONTEXT@@@Z 000000014000d9d4 f   libvcruntime:ehstate.obj
 0001:0000c9dc       ?StateFromIp@__FrameHandler3@@SAHPEBU_s_FuncInfo@@PEAU_xDISPATCHER_CONTEXT@@_K@Z 000000014000d9dc f   libvcruntime:ehstate.obj
 0001:0000ca44       ?StateFromIp@__FrameHandler4@@SAHPEAUFuncInfo4@FH4@@PEAU_xDISPATCHER_CONTEXT@@_K@Z 000000014000da44 f   libvcruntime:ehstate.obj
 0001:0000e144       ??$TypeMatchHelper@V__FrameHandler3@@@@YAHPEBU_s_HandlerType@@PEBU_s_CatchableType@@PEBU_s_ThrowInfo@@@Z 000000014000f144 f i libvcruntime:frame.obj
 0001:0000e284       ??$TypeMatchHelper@V__FrameHandler4@@@@YAHPEAUHandlerType4@FH4@@PEBU_s_CatchableType@@PEBU_s_ThrowInfo@@@Z 000000014000f284 f i libvcruntime:frame.obj
 0001:0000e3c8       ??$__InternalCxxFrameHandler@V__FrameHandler3@@@@YA?AW4_EXCEPTION_DISPOSITION@@PEAUEHExceptionRecord@@PEA_KPEAU_CONTEXT@@PEAU_xDISPATCHER_CONTEXT@@PEBU_s_FuncInfo@@H1E@Z 000000014000f3c8 f i libvcruntime:frame.obj
 0001:0000e600       ??$__InternalCxxFrameHandler@V__FrameHandler4@@@@YA?AW4_EXCEPTION_DISPOSITION@@PEAUEHExceptionRecord@@PEA_KPEAU_CONTEXT@@PEAU_xDISPATCHER_CONTEXT@@PEAUFuncInfo4@FH4@@H1E@Z 000000014000f600 f i libvcruntime:frame.obj
 0001:0000e894       ??0HandlerMap4@FH4@@QEAA@PEBUTryBlockMapEntry4@1@_KH@Z 000000014000f894 f i libvcruntime:frame.obj
 0001:0000e910       ??0TryBlockMap4@FH4@@QEAA@PEBUFuncInfo4@1@_K@Z 000000014000f910 f i libvcruntime:frame.obj
 0001:0000e9e8       ??0bad_exception@std@@QEAA@AEBV01@@Z 000000014000f9e8 f i libvcruntime:frame.obj
 0001:0000ea24       ??0bad_exception@std@@QEAA@XZ 000000014000fa24 f i libvcruntime:frame.obj
 0001:0000ea44       ?CxxCallCatchBlock@__FrameHandler3@@SAPEAXPEAU_EXCEPTION_RECORD@@@Z 000000014000fa44 f   libvcruntime:frame.obj
 0001:0000ec30       ?CxxCallCatchBlock@__FrameHandler4@@SAPEAXPEAU_EXCEPTION_RECORD@@@Z 000000014000fc30 f   libvcruntime:frame.obj
 0001:0000ee80       ?DecompHandler@HandlerMap4@FH4@@AEAAXXZ 000000014000fe80 f i libvcruntime:frame.obj
 0001:0000f0cc       ?FrameUnwindToState@__FrameHandler3@@SAXPEA_KPEAU_xDISPATCHER_CONTEXT@@PEBU_s_FuncInfo@@H@Z 00000001400100cc f   libvcruntime:frame.obj
 0001:0000f258       ?FrameUnwindToState@__FrameHandler4@@SAXPEA_KPEAU_xDISPATCHER_CONTEXT@@PEAUFuncInfo4@FH4@@H@Z 0000000140010258 f   libvcruntime:frame.obj
 0001:0000f554       ?GetHandlerSearchState@__FrameHandler3@@SAHPEA_KPEAU_xDISPATCHER_CONTEXT@@PEBU_s_FuncInfo@@@Z 0000000140010554 f i libvcruntime:frame.obj
 0001:0000f764       ?ReadEntry@UWMap4@FH4@@AEAAXPEAPEAE@Z 0000000140010764 f i libvcruntime:frame.obj
 0001:0000f800       ?_CallMemberFunction1@@YAXQEAX00@Z 0000000140010800 f i libvcruntime:frame.obj
 0001:0000f80c       ?_CallMemberFunction2@@YAXQEAX00H@Z 000000014001080c f i libvcruntime:frame.obj
 0001:0000f81c       ?getStartStop@UWMap4@FH4@@QEAAXHHAEAViterator@12@0@Z 000000014001081c f i libvcruntime:frame.obj
 0001:0000f8ec       ?getStateFromIterators@UWMap4@FH4@@SAHAEBViterator@12@H0H0@Z 00000001400108ec f i libvcruntime:frame.obj
 0001:0000f9b8       __vcrt_initialize_locks    00000001400109b8 f   libvcruntime:locks.obj
 0001:0000fa00       __vcrt_uninitialize_locks  0000000140010a00 f   libvcruntime:locks.obj
 0001:0000fa50       _NLG_Notify                0000000140010a50 f   libvcruntime:notify.obj
 0001:0000fa70       __NLG_Dispatch2            0000000140010a70 f   libvcruntime:notify.obj
 0001:0000fa80       __NLG_Return2              0000000140010a80 f   libvcruntime:notify.obj
 0001:0000fa84       __except_validate_context_record 0000000140010a84 f   libvcruntime:jbcxrval.obj
 0001:0000fc0c       __vcrt_FlsAlloc            0000000140010c0c f   libvcruntime:winapi_downlevel.obj
 0001:0000fc54       __vcrt_FlsFree             0000000140010c54 f   libvcruntime:winapi_downlevel.obj
 0001:0000fc9c       __vcrt_FlsGetValue         0000000140010c9c f   libvcruntime:winapi_downlevel.obj
 0001:0000fce4       __vcrt_FlsSetValue         0000000140010ce4 f   libvcruntime:winapi_downlevel.obj
 0001:0000fd38       __vcrt_InitializeCriticalSectionEx 0000000140010d38 f   libvcruntime:winapi_downlevel.obj
 0001:0000fdb0       _CallSettingFrame          0000000140010db0 f   libvcruntime:handlers.obj
 0001:0000fe00       _CallSettingFrame_LookupContinuationIndex 0000000140010e00 f   libvcruntime:handlers.obj
 0001:0000fe30       _CallSettingFrame_NotifyContinuationAddr 0000000140010e30 f   libvcruntime:handlers.obj
 0001:0000fe60       _CallSettingFrameEncoded   0000000140010e60 f   libvcruntime:handlers.obj
 0001:0000ff4c       _fwrite_nolock             0000000140010f4c f   libucrt:fwrite.obj
 0001:000100f8       fwrite                     00000001400110f8 f   libucrt:fwrite.obj
 0001:0001017c       _fclose_nolock             000000014001117c f   libucrt:fclose.obj
 0001:00010200       fclose                     0000000140011200 f   libucrt:fclose.obj
 0001:00010264       __acrt_initialize_stdio    0000000140011264 f   libucrt:_file.obj
 0001:00010384       __acrt_iob_func            0000000140011384 f   libucrt:_file.obj
 0001:00010398       __acrt_uninitialize_stdio  0000000140011398 f   libucrt:_file.obj
 0001:000103f4       _get_stream_buffer_pointers 00000001400113f4 f   libucrt:_file.obj
 0001:0001043c       _lock_file                 000000014001143c f   libucrt:_file.obj
 0001:00010448       _unlock_file               0000000140011448 f   libucrt:_file.obj
 0001:00010454       _fputc_nolock              0000000140011454 f   libucrt:fputc.obj
 0001:0001046c       _fputchar                  000000014001146c f   libucrt:fputc.obj
 0001:00010490       fputc                      0000000140011490 f   libucrt:fputc.obj
 0001:000105b4       putchar                    00000001400115b4 f   libucrt:fputc.obj
 0001:000105bc       _ungetc_nolock             00000001400115bc f   libucrt:ungetc.obj
 0001:000106e4       ungetc                     00000001400116e4 f   libucrt:ungetc.obj
 0001:0001073c       _fgetc_nolock              000000014001173c f   libucrt:fgetc.obj
 0001:00010780       fgetc                      0000000140011780 f   libucrt:fgetc.obj
 0001:00010888       __acrt_call_reportfault    0000000140011888 f   libucrt:invalid_parameter.obj
 0001:000109e4       __acrt_initialize_invalid_parameter_handler 00000001400119e4 f   libucrt:invalid_parameter.obj
 0001:000109ec       _invalid_parameter         00000001400119ec f   libucrt:invalid_parameter.obj
 0001:00010a9c       _invalid_parameter_noinfo  0000000140011a9c f   libucrt:invalid_parameter.obj
 0001:00010abc       _invalid_parameter_noinfo_noreturn 0000000140011abc f   libucrt:invalid_parameter.obj
 0001:00010aec       _invoke_watson             0000000140011aec f   libucrt:invalid_parameter.obj
 0001:00010b34       _fread_nolock_s            0000000140011b34 f   libucrt:fread.obj
 0001:00010d94       fread                      0000000140011d94 f   libucrt:fread.obj
 0001:00010db4       fread_s                    0000000140011db4 f   libucrt:fread.obj
 0001:00011064       _fseeki64                  0000000140012064 f   libucrt:fseek.obj
 0001:0001106c       fseek                      000000014001206c f   libucrt:fseek.obj
 0001:00011074       fgetpos                    0000000140012074 f   libucrt:fgetpos.obj
 0001:000110c0       fsetpos                    00000001400120c0 f   libucrt:fsetpos.obj
 0001:0001121c       setvbuf                    000000014001221c f   libucrt:setvbuf.obj
 0001:000114d4       __acrt_stdio_flush_nolock  00000001400124d4 f   libucrt:fflush.obj
 0001:00011550       _fflush_nolock             0000000140012550 f   libucrt:fflush.obj
 0001:0001159c       _flushall                  000000014001259c f   libucrt:fflush.obj
 0001:000115a4       fflush                     00000001400125a4 f   libucrt:fflush.obj
 0001:0001160c       free                       000000014001260c f   libucrt:free.obj
 0001:00011630       strlen                     0000000140012630 f   libucrt:strlen.obj
 0001:00011718       ??$ensure_buffer_is_big_enough@D@formatting_buffer@__crt_stdio_output@@QEAA_N_K@Z 0000000140012718 f i libucrt:output.obj
 0001:000117c0       ??$type_case_integer_parse_into_buffer@I@?$output_processor@DV?$stream_output_adapter@D@__crt_stdio_output@@V?$standard_base@DV?$stream_output_adapter@D@__crt_stdio_output@@@2@@__crt_stdio_output@@AEAAXII_N@Z 00000001400127c0 f i libucrt:output.obj
 0001:00011848       ??$type_case_integer_parse_into_buffer@_K@?$output_processor@DV?$stream_output_adapter@D@__crt_stdio_output@@V?$standard_base@DV?$stream_output_adapter@D@__crt_stdio_output@@@2@@__crt_stdio_output@@AEAAX_KI_N@Z 0000000140012848 f i libucrt:output.obj
 0001:000118d8       ??$write_multiple_characters@V?$stream_output_adapter@D@__crt_stdio_output@@D@__crt_stdio_output@@YAXAEBV?$stream_output_adapter@D@0@DHQEAH@Z 00000001400128d8 f i libucrt:output.obj
 0001:00011964       ??0_LocaleUpdate@@QEAA@QEAU__crt_locale_pointers@@@Z 0000000140012964 f i libucrt:output.obj
 0001:00011a00       ??1_LocaleUpdate@@QEAA@XZ  0000000140012a00 f i libucrt:output.obj
 0001:00011b50       ?crop_zeroes@__crt_stdio_output@@YAXPEADQEAU__crt_locale_pointers@@@Z 0000000140012b50 f i libucrt:output.obj
 0001:00011bf0       ?force_decimal_point@__crt_stdio_output@@YAXPEADQEAU__crt_locale_pointers@@@Z 0000000140012bf0 f i libucrt:output.obj
 0001:00011c68       ?parse_int_from_format_string@?$output_processor@DV?$stream_output_adapter@D@__crt_stdio_output@@V?$standard_base@DV?$stream_output_adapter@D@__crt_stdio_output@@@2@@__crt_stdio_output@@AEAA_NQEAH@Z 0000000140012c68 f i libucrt:output.obj
 0001:00011d0c       ?process@?$output_processor@DV?$stream_output_adapter@D@__crt_stdio_output@@V?$standard_base@DV?$stream_output_adapter@D@__crt_stdio_output@@@2@@__crt_stdio_output@@QEAAHXZ 0000000140012d0c f i libucrt:output.obj
 0001:00011f20       ?state_case_normal@?$output_processor@DV?$stream_output_adapter@D@__crt_stdio_output@@V?$standard_base@DV?$stream_output_adapter@D@__crt_stdio_output@@@2@@__crt_stdio_output@@AEAA_NXZ 0000000140012f20 f i libucrt:output.obj
 0001:00011f90       ?state_case_normal_tchar@?$output_processor@DV?$stream_output_adapter@D@__crt_stdio_output@@V?$standard_base@DV?$stream_output_adapter@D@__crt_stdio_output@@@2@@__crt_stdio_output@@AEAA_ND@Z 0000000140012f90 f i libucrt:output.obj
 0001:00012034       ?state_case_size@?$output_processor@DV?$stream_output_adapter@D@__crt_stdio_output@@V?$standard_base@DV?$stream_output_adapter@D@__crt_stdio_output@@@2@@__crt_stdio_output@@AEAA_NXZ 0000000140013034 f i libucrt:output.obj
 0001:000121a4       ?state_case_type@?$output_processor@DV?$stream_output_adapter@D@__crt_stdio_output@@V?$standard_base@DV?$stream_output_adapter@D@__crt_stdio_output@@@2@@__crt_stdio_output@@AEAA_NXZ 00000001400131a4 f i libucrt:output.obj
 0001:00012430       ?to_integer_size@__crt_stdio_output@@YA_KW4length_modifier@1@@Z 0000000140013430 f i libucrt:output.obj
 0001:00012498       ?type_case_Z@?$output_processor@DV?$stream_output_adapter@D@__crt_stdio_output@@V?$standard_base@DV?$stream_output_adapter@D@__crt_stdio_output@@@2@@__crt_stdio_output@@AEAA_NXZ 0000000140013498 f i libucrt:output.obj
 0001:0001250c       ?type_case_a@?$output_processor@DV?$stream_output_adapter@D@__crt_stdio_output@@V?$standard_base@DV?$stream_output_adapter@D@__crt_stdio_output@@@2@@__crt_stdio_output@@AEAA_NXZ 000000014001350c f i libucrt:output.obj
 0001:000126c8       ?type_case_c_tchar@?$output_processor@DV?$stream_output_adapter@D@__crt_stdio_output@@V?$standard_base@DV?$stream_output_adapter@D@__crt_stdio_output@@@2@@__crt_stdio_output@@AEAA_ND@Z 00000001400136c8 f i libucrt:output.obj
 0001:00012790       ?type_case_integer@?$output_processor@DV?$stream_output_adapter@D@__crt_stdio_output@@V?$standard_base@DV?$stream_output_adapter@D@__crt_stdio_output@@@2@@__crt_stdio_output@@AEAA_NI_N@Z 0000000140013790 f i libucrt:output.obj
 0001:00012910       ?type_case_n@?$output_processor@DV?$stream_output_adapter@D@__crt_stdio_output@@V?$standard_base@DV?$stream_output_adapter@D@__crt_stdio_output@@@2@@__crt_stdio_output@@AEAA_NXZ 0000000140013910 f i libucrt:output.obj
 0001:00012998       ?type_case_s@?$output_processor@DV?$stream_output_adapter@D@__crt_stdio_output@@V?$standard_base@DV?$stream_output_adapter@D@__crt_stdio_output@@@2@@__crt_stdio_output@@AEAA_NXZ 0000000140013998 f i libucrt:output.obj
 0001:00012a30       ?validate_stream_is_ansi_if_required@?$__acrt_stdio_char_traits@D@@SA_NQEAU_iobuf@@@Z 0000000140013a30 f i libucrt:output.obj
 0001:00012acc       ?write_stored_string_tchar@?$output_processor@DV?$stream_output_adapter@D@__crt_stdio_output@@V?$standard_base@DV?$stream_output_adapter@D@__crt_stdio_output@@@2@@__crt_stdio_output@@AEAA_ND@Z 0000000140013acc f i libucrt:output.obj
 0001:00012bf0       ?write_string_impl@?$output_adapter_common@DV?$stream_output_adapter@D@__crt_stdio_output@@@__crt_stdio_output@@IEBAXQEBDHQEAHAEAV__crt_deferred_errno_cache@@@Z 0000000140013bf0 f i libucrt:output.obj
 0001:00012ce8       __stdio_common_vfprintf    0000000140013ce8 f   libucrt:output.obj
 0001:00012e3c       puts                       0000000140013e3c f   libucrt:puts.obj
 0001:00012f48       _time64                    0000000140013f48 f   libucrt:time.obj
 0001:000132b4       _localtime64_s             00000001400142b4 f   libucrt:localtime.obj
 0001:000132bc       _seh_filter_exe            00000001400142bc f   libucrt:exception_filter.obj
 0001:000136ac       __acrt_initialize_thread_local_exit_callback 00000001400146ac f   libucrt:exit.obj
 0001:000136b4       _c_exit                    00000001400146b4 f   libucrt:exit.obj
 0001:000136c4       _cexit                     00000001400146c4 f   libucrt:exit.obj
 0001:000136d4       _exit                      00000001400146d4 f   libucrt:exit.obj
 0001:000136e0       _register_thread_local_exe_atexit_callback 00000001400146e0 f   libucrt:exit.obj
 0001:0001371c       exit                       000000014001471c f   libucrt:exit.obj
 0001:000138e8       __acrt_allocate_buffer_for_argv 00000001400148e8 f   libucrt:argv_parsing.obj
 0001:00013948       _configure_narrow_argv     0000000140014948 f   libucrt:argv_parsing.obj
 0001:00013fc4       __dcrt_get_or_create_narrow_environment_nolock 0000000140014fc4 f   libucrt:environment_initialization.obj
 0001:00014000       __dcrt_get_or_create_wide_environment_nolock 0000000140015000 f   libucrt:environment_initialization.obj
 0001:0001403c       __dcrt_uninitialize_environments_nolock 000000014001503c f   libucrt:environment_initialization.obj
 0001:00014074       _get_initial_narrow_environment 0000000140015074 f   libucrt:environment_initialization.obj
 0001:000140c4       _initialize_narrow_environment 00000001400150c4 f   libucrt:environment_initialization.obj
 0001:0001440c       _crt_atexit                000000014001540c f   libucrt:onexit.obj
 0001:0001441c       _execute_onexit_table      000000014001541c f   libucrt:onexit.obj
 0001:00014458       _initialize_onexit_table   0000000140015458 f   libucrt:onexit.obj
 0001:00014480       _register_onexit_function  0000000140015480 f   libucrt:onexit.obj
 0001:000145f4       __acrt_initialize          00000001400155f4 f   libucrt:initialization.obj
 0001:00014608       __acrt_uninitialize        0000000140015608 f   libucrt:initialization.obj
 0001:00014640       __acrt_initialize_new_handler 0000000140015640 f   libucrt:new_handler.obj
 0001:00014648       _callnewh                  0000000140015648 f   libucrt:new_handler.obj
 0001:00014678       _query_new_handler         0000000140015678 f   libucrt:new_handler.obj
 0001:000146ac       malloc                     00000001400156ac f   libucrt:malloc.obj
 0001:000146b4       _query_app_type            00000001400156b4 f   libucrt:report_runtime_error.obj
 0001:000146bc       _set_app_type              00000001400156bc f   libucrt:report_runtime_error.obj
 0001:000146c4       __acrt_has_user_matherr    00000001400156c4 f   libucrt:matherr.obj
 0001:000146e4       __acrt_initialize_user_matherr 00000001400156e4 f   libucrt:matherr.obj
 0001:000146ec       __acrt_invoke_user_matherr 00000001400156ec f   libucrt:matherr.obj
 0001:0001471c       __setusermatherr           000000014001571c f   libucrt:matherr.obj
 0001:00014744       _initterm                  0000000140015744 f   libucrt:initterm.obj
 0001:000147a8       _initterm_e                00000001400157a8 f   libucrt:initterm.obj
 0001:000147e8       _get_fmode                 00000001400157e8 f   libucrt:setmode.obj
 0001:00014818       _set_fmode                 0000000140015818 f   libucrt:setmode.obj
 0001:00014858       _setmode_nolock            0000000140015858 f   libucrt:setmode.obj
 0001:00014938       __acrt_initialize_command_line 0000000140015938 f   libucrt:argv_data.obj
 0001:00014960       __p___argc                 0000000140015960 f   libucrt:argv_data.obj
 0001:00014968       __p___argv                 0000000140015968 f   libucrt:argv_data.obj
 0001:00014bd8       ?commit_locale_name@_expandlocale_locale_name_cache@@QEAAXQEB_W_K@Z 0000000140015bd8 f i libucrt:wsetlocale.obj
 0001:00014c50       __acrt_copy_locale_name    0000000140015c50 f   libucrt:wsetlocale.obj
 0001:00014cd4       __acrt_set_locale_changed  0000000140015cd4 f   libucrt:wsetlocale.obj
 0001:00014ce0       __acrt_uninitialize_locale 0000000140015ce0 f   libucrt:wsetlocale.obj
 0001:00014d10       __lc_lctowcs               0000000140015d10 f   libucrt:wsetlocale.obj
 0001:00014db4       __lc_wcstolc               0000000140015db4 f   libucrt:wsetlocale.obj
 0001:00014f1c       _configthreadlocale        0000000140015f1c f   libucrt:wsetlocale.obj
 0001:000154c8       _wcscats                   00000001400164c8 f   libucrt:wsetlocale.obj
 0001:00015530       _wsetlocale                0000000140016530 f   libucrt:wsetlocale.obj
 0001:00016280       _query_new_mode            0000000140017280 f   libucrt:new_mode.obj
 0001:00016288       _set_new_mode              0000000140017288 f   libucrt:new_mode.obj
 0001:000162b4       __p__commode               00000001400172b4 f   libucrt:ncommode.obj
 0001:000162bc       terminate                  00000001400172bc f   libucrt:terminate.obj
 0001:000165b8       setlocale                  00000001400175b8 f   libucrt:setlocale.obj
 0001:00016604       __acrt_initialize_locks    0000000140017604 f   libucrt:locks.obj
 0001:0001664c       __acrt_lock                000000014001764c f   libucrt:locks.obj
 0001:00016668       __acrt_uninitialize_locks  0000000140017668 f   libucrt:locks.obj
 0001:000166a0       __acrt_unlock              00000001400176a0 f   libucrt:locks.obj
 0001:000166bc       _lock_locales              00000001400176bc f   libucrt:locks.obj
 0001:000166d8       _unlock_locales            00000001400176d8 f   libucrt:locks.obj
 0001:000167a4       _fsopen                    00000001400177a4 f   libucrt:fopen.obj
 0001:000167ac       __pctype_func              00000001400177ac f   libucrt:ctype.obj
 0001:000167e0       islower                    00000001400177e0 f   libucrt:_ctype.obj
 0001:00016890       isupper                    0000000140017890 f   libucrt:_ctype.obj
 0001:00016938       ___lc_codepage_func        0000000140017938 f   libucrt:initctype.obj
 0001:00016968       ___lc_locale_name_func     0000000140017968 f   libucrt:initctype.obj
 0001:0001699c       __acrt_locale_initialize_ctype 000000014001799c f   libucrt:initctype.obj
 0001:00017000       calloc                     0000000140018000 f   libucrt:calloc.obj
 0001:00017008       _wcsdup                    0000000140018008 f   libucrt:wcsdup.obj
 0001:0001708c       rand_s                     000000014001808c f   libucrt:rand_s.obj
 0001:000170d8       __acrt_errno_from_os_error 00000001400180d8 f   libucrt:errno.obj
 0001:00017120       __acrt_errno_map_os_error  0000000140018120 f   libucrt:errno.obj
 0001:00017170       __doserrno                 0000000140018170 f   libucrt:errno.obj
 0001:00017190       _errno                     0000000140018190 f   libucrt:errno.obj
 0001:000171b0       ?divide@__crt_strtox@@YA_KAEAUbig_integer@1@AEBU21@@Z 00000001400181b0 f i libucrt:strtod.obj
 0001:000175dc       _ischartype_l              00000001400185dc f i libucrt:strtod.obj
 0001:000176e0       pow                        00000001400186e0 f   libucrt:pow.obj
 0001:00018d80       powf                       0000000140019d80 f   libucrt:powf.obj
 0001:00019c48       abort                      000000014001ac48 f   libucrt:abort.obj
 0001:00019ca0       __strncnt                  000000014001aca0 f   libucrt:strncnt.obj
 0001:00019cb8       ??$__acrt_mbs_to_wcs_cp@U__crt_win32_buffer_internal_dynamic_resizing@@@@YAHQEBDAEAV?$__crt_win32_buffer@_WU__crt_win32_buffer_internal_dynamic_resizing@@@@I@Z 000000014001acb8 f i libucrt:strftime.obj
 0001:00019e30       ??$__acrt_wcs_to_mbs_cp@U__crt_win32_buffer_no_resizing@@@@YAHQEB_WAEAV?$__crt_win32_buffer@DU__crt_win32_buffer_no_resizing@@@@I@Z 000000014001ae30 f i libucrt:strftime.obj
 0001:00019f44       ??$__crt_time_is_leap_year@H@@YA_NH@Z 000000014001af44 f i libucrt:wcsftime.obj
 0001:00019fa4       strnlen                    000000014001afa4 f   libucrt:strnlen.obj
 0001:0001a0f4       wcsnlen                    000000014001b0f4 f   libucrt:strnlen.obj
 0001:0001a2cc       strcpy_s                   000000014001b2cc f   libucrt:strcpy_s.obj
 0001:0001a32c       ??$parse_integer@KV?$c_string_character_source@D@__crt_strtox@@@__crt_strtox@@YAKQEAU__crt_locale_pointers@@V?$c_string_character_source@D@0@H_N@Z 000000014001b32c f i libucrt:atox.obj
 0001:0001a630       ??$parse_integer@KV?$c_string_character_source@_W@__crt_strtox@@@__crt_strtox@@YAKQEAU__crt_locale_pointers@@V?$c_string_character_source@_W@0@H_N@Z 000000014001b630 f i libucrt:atox.obj
 0001:0001acd8       _wtol                      000000014001bcd8 f   libucrt:atox.obj
 0001:0001ad20       strncmp                    000000014001bd20 f   libucrt:strncmp.obj
 0001:0001ada0       wcsncmp                    000000014001bda0 f   libucrt:wcsncmp.obj
 0001:0001b648       _write                     000000014001c648 f   libucrt:write.obj
 0001:0001b734       _write_nolock              000000014001c734 f   libucrt:write.obj
 0001:0001ba18       _fileno                    000000014001ca18 f   libucrt:fileno.obj
 0001:0001bba0       __acrt_stdio_flush_and_write_narrow_nolock 000000014001cba0 f   libucrt:_flsbuf.obj
 0001:0001bc58       __acrt_should_use_temporary_buffer 000000014001cc58 f   libucrt:_sftbuf.obj
 0001:0001bca0       __acrt_stdio_begin_temporary_buffering_nolock 000000014001cca0 f   libucrt:_sftbuf.obj
 0001:0001bd68       __acrt_stdio_end_temporary_buffering_nolock 000000014001cd68 f   libucrt:_sftbuf.obj
 0001:0001bda4       _free_base                 000000014001cda4 f   libucrt:free_base.obj
 0001:0001be58       _close                     000000014001ce58 f   libucrt:close.obj
 0001:0001befc       _close_nolock              000000014001cefc f   libucrt:close.obj
 0001:0001bfbc       ?__acrt_stdio_allocate_stream@@YA?AV__crt_stdio_stream@@XZ 000000014001cfbc f   libucrt:stream.obj
 0001:0001c014       ?__acrt_stdio_free_stream@@YAXV__crt_stdio_stream@@@Z 000000014001d014 f   libucrt:stream.obj
 0001:0001c11c       __acrt_stdio_free_buffer_nolock 000000014001d11c f   libucrt:_freebuf.obj
 0001:0001c15c       _calloc_base               000000014001d15c f   libucrt:calloc_base.obj
 0001:0001c450       __acrt_AppPolicyGetProcessTerminationMethodInternal 000000014001d450 f   libucrt:winapi_thunks.obj
 0001:0001c4a0       __acrt_AreFileApisANSI     000000014001d4a0 f   libucrt:winapi_thunks.obj
 0001:0001c4dc       __acrt_CompareStringEx     000000014001d4dc f   libucrt:winapi_thunks.obj
 0001:0001c5b8       __acrt_EnumSystemLocalesEx 000000014001d5b8 f   libucrt:winapi_thunks.obj
 0001:0001c650       __acrt_FlsAlloc            000000014001d650 f   libucrt:winapi_thunks.obj
 0001:0001c698       __acrt_FlsFree             000000014001d698 f   libucrt:winapi_thunks.obj
 0001:0001c6e0       __acrt_FlsGetValue         000000014001d6e0 f   libucrt:winapi_thunks.obj
 0001:0001c728       __acrt_FlsSetValue         000000014001d728 f   libucrt:winapi_thunks.obj
 0001:0001c77c       __acrt_GetLocaleInfoEx     000000014001d77c f   libucrt:winapi_thunks.obj
 0001:0001c800       __acrt_GetUserDefaultLocaleName 000000014001d800 f   libucrt:winapi_thunks.obj
 0001:0001c864       __acrt_InitializeCriticalSectionEx 000000014001d864 f   libucrt:winapi_thunks.obj
 0001:0001c8c8       __acrt_IsValidLocaleName   000000014001d8c8 f   libucrt:winapi_thunks.obj
 0001:0001c920       __acrt_LCIDToLocaleName    000000014001d920 f   libucrt:winapi_thunks.obj
 0001:0001c990       __acrt_LCMapStringEx       000000014001d990 f   libucrt:winapi_thunks.obj
 0001:0001ca6c       __acrt_LocaleNameToLCID    000000014001da6c f   libucrt:winapi_thunks.obj
 0001:0001cabc       __acrt_RtlGenRandom        000000014001dabc f   libucrt:winapi_thunks.obj
 0001:0001cb0c       __acrt_can_use_vista_locale_apis 000000014001db0c f   libucrt:winapi_thunks.obj
 0001:0001cb3c       __acrt_eagerly_load_locale_apis 000000014001db3c f   libucrt:winapi_thunks.obj
 0001:0001cc98       __acrt_initialize_winapi_thunks 000000014001dc98 f   libucrt:winapi_thunks.obj
 0001:0001cccc       __acrt_uninitialize_winapi_thunks 000000014001dccc f   libucrt:winapi_thunks.obj
 0001:0001cd10       _fcloseall                 000000014001dd10 f   libucrt:closeall.obj
 0001:0001cfc0       __acrt_initialize_lowio    000000014001dfc0 f   libucrt:ioinit.obj
 0001:0001cffc       __acrt_uninitialize_lowio  000000014001dffc f   libucrt:ioinit.obj
 0001:0001d03c       __acrt_stdio_allocate_buffer_nolock 000000014001e03c f   libucrt:_getbuf.obj
 0001:0001d0a8       __acrt_stdio_refill_and_read_narrow_nolock 000000014001e0a8 f   libucrt:_filbuf.obj
 0001:0001d58c       __acrt_getptd              000000014001e58c f   libucrt:per_thread_data.obj
 0001:0001d660       __acrt_getptd_head         000000014001e660 f   libucrt:per_thread_data.obj
 0001:0001d708       __acrt_getptd_noexit       000000014001e708 f   libucrt:per_thread_data.obj
 0001:0001d7d4       __acrt_initialize_ptd      000000014001e7d4 f   libucrt:per_thread_data.obj
 0001:0001d810       __acrt_uninitialize_ptd    000000014001e810 f   libucrt:per_thread_data.obj
 0001:0001dd9c       _read                      000000014001ed9c f   libucrt:read.obj
 0001:0001deb8       _read_nolock               000000014001eeb8 f   libucrt:read.obj
 0001:0001e7e0       _ftelli64                  000000014001f7e0 f   libucrt:ftell.obj
 0001:0001e7e8       _ftelli64_nolock           000000014001f7e8 f   libucrt:ftell.obj
 0001:0001e97c       _lseeki64                  000000014001f97c f   libucrt:lseek.obj
 0001:0001e984       _lseeki64_nolock           000000014001f984 f   libucrt:lseek.obj
 0001:0001ea18       _commit                    000000014001fa18 f   libucrt:commit.obj
 0001:0001eaac       _malloc_base               000000014001faac f   libucrt:malloc_base.obj
 0001:0001eb0c       strtol                     000000014001fb0c f   libucrt:strtox.obj
 0001:0001eb38       wcstol                     000000014001fb38 f   libucrt:strtox.obj
 0001:0001eb64       _mbtowc_l                  000000014001fb64 f   libucrt:mbtowc.obj
 0001:0001ece4       mbtowc                     000000014001fce4 f   libucrt:mbtowc.obj
 0001:0001ecec       _wctomb_s_l                000000014001fcec f   libucrt:wctomb.obj
 0001:0001ee88       __acrt_update_locale_info  000000014001fe88 f   libucrt:locale_update.obj
 0001:0001eebc       __acrt_update_multibyte_info 000000014001febc f   libucrt:locale_update.obj
 0001:0001f8fc       __acrt_fp_format           00000001400208fc f   libucrt:cvt.obj
 0001:0001fc34       _get_printf_count_output   0000000140020c34 f   libucrt:printf_count_output.obj
 0001:0001fc4c       __acrt_initialize_timeset  0000000140020c4c f   libucrt:timeset.obj
 0001:0001fc9c       __daylight                 0000000140020c9c f   libucrt:timeset.obj
 0001:0001fca4       __dstbias                  0000000140020ca4 f   libucrt:timeset.obj
 0001:0001fcac       __timezone                 0000000140020cac f   libucrt:timeset.obj
 0001:0001fcb4       __tzname                   0000000140020cb4 f   libucrt:timeset.obj
 0001:0001fcbc       __wide_tzname              0000000140020cbc f   libucrt:timeset.obj
 0001:0001fcc4       _get_daylight              0000000140020cc4 f   libucrt:timeset.obj
 0001:0001fcf4       _get_dstbias               0000000140020cf4 f   libucrt:timeset.obj
 0001:0001fd24       _get_timezone              0000000140020d24 f   libucrt:timeset.obj
 0001:0001ffdc       _gmtime64_s                0000000140020fdc f   libucrt:gmtime.obj
 0001:00020b58       __tzset                    0000000140021b58 f   libucrt:tzset.obj
 0001:00020b98       _isindst                   0000000140021b98 f   libucrt:tzset.obj
 0001:00020bc8       __acrt_get_process_end_policy 0000000140021bc8 f   libucrt:win_policies.obj
 0001:00020c18       ??$__acrt_wcs_to_mbs_cp@U__crt_win32_buffer_internal_dynamic_resizing@@@@YAHQEB_WAEAV?$__crt_win32_buffer@DU__crt_win32_buffer_internal_dynamic_resizing@@@@I@Z 0000000140021c18 f i libucrt:argv_wildcards.obj
 0001:00021448       __acrt_expand_narrow_argv_wildcards 0000000140022448 f   libucrt:argv_wildcards.obj
 0001:00021450       __acrt_GetModuleFileNameA  0000000140022450 f   libucrt:getmodulefilenamea.obj
 0001:00021c98       __acrt_initialize_multibyte 0000000140022c98 f   libucrt:mbctype.obj
 0001:00021cf8       __acrt_update_thread_multibyte_data 0000000140022cf8 f   libucrt:mbctype.obj
 0001:00021d14       _setmbcp_nolock            0000000140022d14 f   libucrt:mbctype.obj
 0001:00022048       _ismbblead                 0000000140023048 f   libucrt:ismbbyte.obj
 0001:0002205c       wcscpy_s                   000000014002305c f   libucrt:wcscpy_s.obj
 0001:000220c4       __acrt_MultiByteToWideChar 00000001400230c4 f   libucrt:multibytetowidechar.obj
 0001:00022120       __acrt_WideCharToMultiByte 0000000140023120 f   libucrt:widechartomultibyte.obj
 0001:000221d0       __dcrt_get_narrow_environment_from_os 00000001400231d0 f   libucrt:get_environment_from_os.obj
 0001:000222d4       __dcrt_get_wide_environment_from_os 00000001400232d4 f   libucrt:get_environment_from_os.obj
 0001:00022b90       __dcrt_set_variable_in_narrow_environment_nolock 0000000140023b90 f   libucrt:setenv.obj
 0001:00022b98       __dcrt_set_variable_in_wide_environment_nolock 0000000140023b98 f   libucrt:setenv.obj
 0001:00022ba0       _recalloc_base             0000000140023ba0 f   libucrt:recalloc.obj
 0001:00022c38       __acrt_initialize_heap     0000000140023c38 f   libucrt:heap_handle.obj
 0001:00022c54       __acrt_uninitialize_heap   0000000140023c54 f   libucrt:heap_handle.obj
 0001:00022c60       __acrt_execute_initializers 0000000140023c60 f   libucrt:shared_initialization.obj
 0001:00022ce0       __acrt_execute_uninitializers 0000000140023ce0 f   libucrt:shared_initialization.obj
 0001:00022d64       __acrt_get_sigabrt_handler 0000000140023d64 f   libucrt:signal.obj
 0001:00022d94       __acrt_initialize_signal_handlers 0000000140023d94 f   libucrt:signal.obj
 0001:00022db4       raise                      0000000140023db4 f   libucrt:signal.obj
 0001:00023020       wcscat_s                   0000000140024020 f   libucrt:wcscat_s.obj
 0001:000230a0       wcsncpy_s                  00000001400240a0 f   libucrt:wcsncpy_s.obj
 0001:00023184       __acrt_lowio_create_handle_array 0000000140024184 f   libucrt:osfinfo.obj
 0001:0002322c       __acrt_lowio_destroy_handle_array 000000014002422c f   libucrt:osfinfo.obj
 0001:0002327c       __acrt_lowio_ensure_fh_exists 000000014002427c f   libucrt:osfinfo.obj
 0001:00023324       __acrt_lowio_lock_fh       0000000140024324 f   libucrt:osfinfo.obj
 0001:0002334c       __acrt_lowio_set_os_handle 000000014002434c f   libucrt:osfinfo.obj
 0001:0002340c       __acrt_lowio_unlock_fh     000000014002440c f   libucrt:osfinfo.obj
 0001:00023434       _alloc_osfhnd              0000000140024434 f   libucrt:osfinfo.obj
 0001:00023574       _free_osfhnd               0000000140024574 f   libucrt:osfinfo.obj
 0001:00023630       _get_osfhandle             0000000140024630 f   libucrt:osfinfo.obj
 0001:000236a8       __acrt_initialize_fmode    00000001400246a8 f   libucrt:txtmode.obj
 0001:000236c4       __acrt_locale_free_monetary 00000001400246c4 f   libucrt:initmon.obj
 0001:000237d0       __acrt_locale_initialize_monetary 00000001400247d0 f   libucrt:initmon.obj
 0001:00023d04       __acrt_locale_free_numeric 0000000140024d04 f   libucrt:initnum.obj
 0001:00023d70       __acrt_locale_initialize_numeric 0000000140024d70 f   libucrt:initnum.obj
 0001:000243f0       __acrt_locale_free_time    00000001400253f0 f   libucrt:inittime.obj
[...]
 0002:000138e0       $unwind$_setmbcp_nolock    00000001400438e0     libucrt:mbctype.obj
 0002:00013900       $unwind$__dcrt_lowio_ensure_console_output_initialized 0000000140043900     libucrt:initcon.obj
 0002:00013900       $unwind$_isleadbyte_l      0000000140043900     libucrt:_wctype.obj
 0002:00013900       $unwind$?getSystemCP@@YAHH@Z 0000000140043900     libucrt:mbctype.obj
 0002:00013908       $unwind$?update_thread_multibyte_data_internal@@YAPEAU__crt_multibyte_data@@QEAU__acrt_ptd@@QEAPEAU1@@Z 0000000140043908     libucrt:mbctype.obj
 0002:00013930       $unwind$?setmbcp_internal@@YAHH_NQEAU__acrt_ptd@@QEAPEAU__crt_multibyte_data@@@Z 0000000140043930     libucrt:mbctype.obj
 0002:00013940       $unwind$?setSBUpLow@@YAXPEAU__crt_multibyte_data@@@Z 0000000140043940     libucrt:mbctype.obj
 0002:0001395c       $unwind$??$?RV<lambda_efdfa57d1f175319df784efa44bb7b81>@@AEAV<lambda_5f0a4c1567f8adc6734073e5d1e1b35c>@@V<lambda_2e8a7d3640ea6ccb4c2413664c2db6fd>@@@?$__crt_seh_guarded_call@X@@QEAAX$$QEAV<lambda_efdfa57d1f175319df784efa44bb7b81>@@AEAV<lambda_5f0a4c1567f8adc6734073e5d1e1b35c>@@$$QEAV<lambda_2e8a7d3640ea6ccb4c2413664c2db6fd>@@@Z 000000014004395c     libucrt:mbctype.obj
 0002:00013980       $unwind$__acrt_WideCharToMultiByte 0000000140043980     libucrt:widechartomultibyte.obj
 0002:0001398c       $unwind$??$common_set_variable_in_environment_nolock@D@@YAHQEADH@Z 000000014004398c     libucrt:setenv.obj
 0002:000139a4       $unwind$??$copy_environment@D@@YAPEAPEADQEAPEAD@Z 00000001400439a4     libucrt:setenv.obj
 0002:000139b8       $unwind$raise              00000001400439b8     libucrt:signal.obj
 0002:000139f4       $unwind$??$?RV<lambda_450d765d439847d4c735a33c368b5fc0>@@AEAV<lambda_44731a7d0e6d81c3e6aa82d741081786>@@V<lambda_601a2a7da3b7a96e9554ac7215c4b07c>@@@?$__crt_seh_guarded_call@P6AXH@Z@@QEAAP6AXH@Z$$QEAV<lambda_450d765d439847d4c735a33c368b5fc0>@@AEAV<lambda_44731a7d0e6d81c3e6aa82d741081786>@@$$QEAV<lambda_601a2a7da3b7a96e9554ac7215c4b07c>@@@Z 00000001400439f4     libucrt:signal.obj
 0002:00013a18       $unwind$_alloc_osfhnd      0000000140043a18     libucrt:osfinfo.obj
 0002:00013a48       $unwind$__acrt_lowio_destroy_handle_array 0000000140043a48     libucrt:osfinfo.obj
 0002:00013a58       $unwind$__acrt_lowio_ensure_fh_exists 0000000140043a58     libucrt:osfinfo.obj
 0002:00013a84       $unwind$__acrt_locale_initialize_monetary 0000000140043a84     libucrt:initmon.obj
 0002:00013a84       $unwind$?initialize_lc_time@@YA_NQEAU__crt_lc_time_data@@QEAU__crt_locale_data@@@Z 0000000140043a84     libucrt:inittime.obj
 0002:00013aa0       $unwind$__acrt_locale_free_monetary 0000000140043aa0     libucrt:initmon.obj
 0002:00013aa8       $unwind$__acrt_locale_free_time 0000000140043aa8     libucrt:inittime.obj
 0002:00013ab8       $unwind$__acrt_GetStringTypeA 0000000140043ab8     libucrt:getstringtypea.obj
 0002:00013ae0       $unwind$__acrt_update_thread_locale_data 0000000140043ae0     libucrt:locale_refcounting.obj
 0002:00013b04       $unwind$__acrt_get_qualified_locale 0000000140043b04     libucrt:get_qualified_locale.obj
 0002:00013b20       $unwind$LangCountryEnumProcEx 0000000140043b20     libucrt:get_qualified_locale.obj
 0002:00013b40       $unwind$LanguageEnumProcEx 0000000140043b40     libucrt:get_qualified_locale.obj
 0002:00013b5c       $unwind$GetLocaleNameFromDefault 0000000140043b5c     libucrt:get_qualified_locale.obj
 0002:00013b74       $unwind$ProcessCodePage    0000000140043b74     libucrt:get_qualified_locale.obj
 0002:00013b74       $unwind$ProcessCodePage    0000000140043b74     libucrt:getqloc_downlevel.obj
 0002:00013b74       $unwind$TestDefaultLanguage 0000000140043b74     libucrt:getqloc_downlevel.obj
 0002:00013b84       $unwind$TestDefaultCountry 0000000140043b84     libucrt:get_qualified_locale.obj
 0002:00013b94       $unwind$__acrt_get_qualified_locale_downlevel 0000000140043b94     libucrt:getqloc_downlevel.obj
 0002:00013bb0       $unwind$LangCountryEnumProc 0000000140043bb0     libucrt:getqloc_downlevel.obj
 0002:00013bd0       $unwind$LanguageEnumProc   0000000140043bd0     libucrt:getqloc_downlevel.obj
 0002:00013bec       $unwind$CountryEnumProc    0000000140043bec     libucrt:getqloc_downlevel.obj
 0002:00013c0c       $unwind$_mbstowcs_s_l      0000000140043c0c     libucrt:mbstowcs.obj
 0002:00013c24       $unwind$?_mbstowcs_l_helper@@YA_KPEA_WPEBD_KPEAU__crt_locale_pointers@@@Z 0000000140043c24     libucrt:mbstowcs.obj
 0002:00013c3c       $unwind$?_wcstombs_l_helper@@YA_KPEADPEB_W_KPEAU__crt_locale_pointers@@@Z 0000000140043c3c     libucrt:wcstombs.obj
 0002:00013c60       $stateUnwindMap$?_wcstombs_l_helper@@YA_KPEADPEB_W_KPEAU__crt_locale_pointers@@@Z 0000000140043c60     libucrt:wcstombs.obj
 0002:00013c68       $ip2state$?_wcstombs_l_helper@@YA_KPEADPEB_W_KPEAU__crt_locale_pointers@@@Z 0000000140043c68     libucrt:wcstombs.obj
 0002:00013c78       $unwind$_openfile          0000000140043c78     libucrt:openfile.obj
 0002:00013c8c       $unwind$_isctype_l         0000000140043c8c     libucrt:isctype.obj
 0002:00013ca8       $unwind$__acrt_GetLocaleInfoA 0000000140043ca8     libucrt:getlocaleinfoa.obj
 0002:00013cc8       $unwind$?InternalGetLocaleInfoA@@YAHQEAU__crt_locale_pointers@@QEB_WKQEADH@Z 0000000140043cc8     libucrt:getlocaleinfoa.obj
 0002:00013cf0       $unwind$__acrt_LCMapStringA 0000000140043cf0     libucrt:lcmapstringa.obj
 0002:00013d00       $unwind$?__acrt_LCMapStringA_stat@@YAHPEAU__crt_locale_pointers@@PEB_WKPEBDHPEADHHH@Z 0000000140043d00     libucrt:lcmapstringa.obj
 0002:00013d28       $unwind$_raise_exc_ex      0000000140043d28     libucrt:fpexcept.obj
 0002:00013d3c       $unwind$_ctrlfp            0000000140043d3c     libucrt:fpctrl.obj
 0002:00013d64       $unwind$__acrt_initialize_fma3 0000000140043d64     libucrt:fma3_available.obj
 0002:00013d6c       $unwind$_powf_special      0000000140043d6c     libucrt:pow_special.obj
 0002:00013d7c       $unwind$_pow_special       0000000140043d7c     libucrt:pow_special.obj
 0002:00013d88       $unwind$_wcsicmp_l         0000000140043d88     libucrt:wcsicmp.obj
 0002:00013da0       $unwind$?__mbsrtowcs_utf8@__crt_mbstring@@YA_KPEA_WPEAPEBD_KPEAU_Mbstatet@@@Z 0000000140043da0     libucrt:mbrtowc.obj
 0002:00013db8       $unwind$_putwch_nolock     0000000140043db8     libucrt:putwch.obj
 0002:00013dc0       $unwind$__acrt_fltout      0000000140043dc0     libucrt:cfout.obj
 0002:00013de0       $unwind$??$common_getenv_s@_W@@YAHQEA_KQEA_W_KQEB_W@Z 0000000140043de0     libucrt:getenv.obj
 0002:00013e20       $unwind$qsort              0000000140043e20     libucrt:qsort.obj
 0002:00013e38       $chain$4$qsort             0000000140043e38     libucrt:qsort.obj
 0002:00013e5c       $chain$5$qsort             0000000140043e5c     libucrt:qsort.obj
 0002:00013e6c       $unwind$strpbrk            0000000140043e6c     libucrt:strpbrk.obj
 0002:00013e7c       $unwind$fallbackMethod     0000000140043e7c     libucrt:strpbrk.obj
 0002:00013e8c       $unwind$_mbsdec_l          0000000140043e8c     libucrt:mbsdec.obj
 0002:00013e98       $unwind$_strnicoll_l       0000000140043e98     libucrt:strnicol.obj
 0002:00013eac       $unwind$__acrt_SetEnvironmentVariableA 0000000140043eac     libucrt:setenvironmentvariablea.obj
 0002:00013ec8       $unwind$_wcsnicmp_l        0000000140043ec8     libucrt:wcsnicmp.obj
 0002:00013ee4       $unwind$?__wcsrtombs_utf8@__crt_mbstring@@YA_KPEADPEAPEB_W_KPEAU_Mbstatet@@@Z 0000000140043ee4     libucrt:wcrtomb.obj
 0002:00013f04       $unwind$_sopen_nolock      0000000140043f04     libucrt:open.obj
 0002:00013f20       $unwind$_wsopen_nolock     0000000140043f20     libucrt:open.obj
 0002:00013f40       $unwind$??$common_sopen_dispatch@D@@YAHQEBDHHHQEAHH@Z 0000000140043f40     libucrt:open.obj
 0002:00013f64       $unwind$?fin$0@?0???$common_sopen_dispatch@D@@YAHQEBDHHHQEAHH@Z@4HA 0000000140043f64     libucrt:open.obj
 0002:00013f6c       $unwind$?decode_options@@YA?AUfile_options@?A0xa9d50aae@@HHH@Z 0000000140043f6c     libucrt:open.obj
 0002:00013f80       $unwind$?truncate_ctrl_z_if_present@@YAHH@Z 0000000140043f80     libucrt:open.obj
 0002:00013f90       $xdatasym                  0000000140043f90     libucrt:fpsr.obj
 0002:00013f98       $unwind$__acrt_fenv_set_control 0000000140043f98     libucrt:_fenvutils.obj
 0002:00013fa8       $unwind$_call_matherr      0000000140043fa8     libucrt:libm_error.obj
 0002:00013fb0       $unwind$_handle_error      0000000140043fb0     libucrt:libm_error.obj
 0002:00013fb0       $unwind$_handle_errorf     0000000140043fb0     libucrt:libm_error.obj
 0002:00013fd0       $unwind$_towlower_l        0000000140043fd0     libucrt:towlower.obj
 0002:00013fd8       $unwind$?__mbrtoc32_utf8@__crt_mbstring@@YA_KPEA_UPEBD_KPEAU_Mbstatet@@@Z 0000000140043fd8     libucrt:mbrtoc32.obj
 0002:00013ff8       $xdatasym                  0000000140043ff8     libucrt:log10.obj
 0002:00014004       $unwind$?InternalCompareStringA@@YAHPEAU__crt_locale_pointers@@PEB_WKPEBDH2HH@Z 0000000140044004     libucrt:comparestringa.obj
 0002:00014028       $unwind$common_control87   0000000140044028     libucrt:ieee.obj
 0002:00014054       $unwind$_log_special_common 0000000140044054     libucrt:log_special.obj
 0002:00014060       $unwind$__GSHandlerCheckCommon 0000000140044060     libcmt:gshandler.obj
 0002:00014068       $xdatasym                  0000000140044068     libcmt:amdsecgs.obj
 0002:0001406c       $unwind$_IsNonwritableInCurrentImage 000000014004406c     libcmt:pesect.obj
 0002:00014090       $unwind$__report_securityfailure 0000000140044090     libcmt:gs_report.obj
 0002:00014098       $unwind$__report_gsfailure 0000000140044098     libcmt:gs_report.obj
 0002:000140a0       $unwind$capture_current_context 00000001400440a0     libcmt:gs_report.obj
 0002:000140ac       $unwind$capture_previous_context 00000001400440ac     libcmt:gs_report.obj
 0002:000140b8       $unwind$_local_unwind      00000001400440b8     libvcruntime:jmpuwind.obj
 0002:000145a8       .idata$6                   00000001400445a8     wsock32:WSOCK32.dll
 0002:0001488a       .idata$6                   000000014004488a     kernel32:KERNEL32.dll
 0003:00000654       ?init@std@@3JA             0000000140045654     libcpmt:xlock.obj
 0003:00000698       ?atcount_cdecl@@3_KA       0000000140045698     libcpmt:iosptrs.obj
 0003:000006a0       ?__vcrt_flsindex@@3KA      00000001400456a0     libvcruntime:per_thread_data.obj
 0003:000007c0       _ctype_loc_style           00000001400457c0     libucrt:wsetlocale.obj
 0003:000007d8       ?errno_no_memory@@3HA      00000001400457d8     libucrt:errno.obj
 0003:000007dc       ?doserrno_no_memory@@3KA   00000001400457dc     libucrt:errno.obj
 0003:000008e8       ?__acrt_flsindex@@3KA      00000001400458e8     libucrt:per_thread_data.obj
 0003:00000b60       ?tzstd_program@@3PADA      0000000140045b60     libucrt:timeset.obj
 0003:00000ba0       ?tzdst_program@@3PADA      0000000140045ba0     libucrt:timeset.obj
 0003:00000be0       ?w_tzstd_program@@3PA_WA   0000000140045be0     libucrt:timeset.obj
 0003:00000c60       ?w_tzdst_program@@3PA_WA   0000000140045c60     libucrt:timeset.obj
 0003:00000ce0       ?tzname_states@@3PAY01PEADA 0000000140045ce0     libucrt:timeset.obj
 0003:00000cf0       ?w_tzname_states@@3PAY01PEA_WA 0000000140045cf0     libucrt:timeset.obj
 0003:00000d00       ?dststart@@3Utransitiondate@?A0x7639d0b4@@A 0000000140045d00     libucrt:tzset.obj
 0003:00000d10       ?dstend@@3Utransitiondate@?A0x7639d0b4@@A 0000000140045d10     libucrt:tzset.obj
 0003:00000f50       _mbctypes                  0000000140045f50     libucrt:mbctype.obj
 0003:00001060       _mbcasemaps                0000000140046060     libucrt:mbctype.obj
 0003:00001160       ?__rgctypeflag@@3PADA      0000000140046160     libucrt:mbctype.obj
 0003:00001170       ?__rgcode_page_info@@3PAUcode_page_info@@A 0000000140046170     libucrt:mbctype.obj
 0003:00001264       ?dazSupported@?1??_ctrlfp@@9@9 0000000140046264     libucrt:fpctrl.obj
 0003:00001270       ?__dcrt_lowio_console_output_handle@@3PEAXEA 0000000140046270     libucrt:initcon.obj
 0003:00001280       ?dazSupported@?1??common_control87@@9@9 0000000140046280     libucrt:ieee.obj
 0003:000013c8       ?g_tss_cv@@3U_RTL_CONDITION_VARIABLE@@A 00000001400463c8     libcmt:thread_safe_statics.obj
 0003:000013d0       ?g_tss_event@@3PEAXEA      00000001400463d0     libcmt:thread_safe_statics.obj
 0003:000013d8       ?g_tss_mutex@@3U_RTL_CRITICAL_SECTION@@A 00000001400463d8     libcmt:thread_safe_statics.obj
 0003:00001400       ?g_sleep_condition_variable_cs@@3P6AHPEAU_RTL_CONDITION_VARIABLE@@PEAU_RTL_CRITICAL_SECTION@@K@ZEA 0000000140046400     libcmt:thread_safe_statics.obj
 0003:00001408       ?g_wake_all_condition_variable@@3P6AXPEAU_RTL_CONDITION_VARIABLE@@@ZEA 0000000140046408     libcmt:thread_safe_statics.obj
 0003:00001420       ?is_initialized_as_dll@@3_NA 0000000140046420     libcmt:utility.obj
 0003:00001421       ?module_local_atexit_table_initialized@@3_NA 0000000140046421     libcmt:utility.obj
 0003:00001428       ?module_local_atexit_table@@3U_onexit_table_t@@A 0000000140046428     libcmt:utility.obj
 0003:00001440       ?module_local_at_quick_exit_table@@3U_onexit_table_t@@A 0000000140046440     libcmt:utility.obj
 0003:00001490       ?stdstr@std@@3PAPEAVios_base@1@A 0000000140046490     libcpmt:ios.obj
 0003:000014e0       ?stdopens@std@@3PADA       00000001400464e0     libcpmt:ios.obj
 0003:00001520       ?classic_locale@std@@3Vlocale@1@A 0000000140046520     libcpmt:locale0.obj
 0003:00001538       ?_Fac_head@std@@3PEAU_Fac_node@1@EA 0000000140046538     libcpmt:locale0.obj
 0003:00001540       ?_Fac_tidy_reg@std@@3U_Fac_tidy_reg_t@1@B 0000000140046540     libcpmt:locale0.obj
 0003:00001548       global_locale              0000000140046548     libcpmt:locale0.obj
 0003:00001550       ?registered@?1??_Setgloballocale@locale@std@@CAXPEAX@Z@4_NA 0000000140046550     libcpmt:locale0.obj
 0003:00001560       ?initlocks@std@@3V_Init_locks@1@A 0000000140046560     libcpmt:xlock.obj
 0003:00001570       ?mtx@std@@3PAU_RTL_CRITICAL_SECTION@@A 0000000140046570     libcpmt:xlock.obj
 0003:000016b0       ?freq_cached@?1??_Query_perf_frequency@@9@4U?$atomic@_J@std@@A 00000001400466b0     libcpmt:xtime.obj
 0003:00001710       ?initlocks@std@@3V_Init_locks@1@A 0000000140046710     libcpmt:iosptrs.obj
 0003:00001711       ?init_atexit@@3U_Init_atexit@@A 0000000140046711     libcpmt:iosptrs.obj
 0003:00001720       ?atfuns_cdecl@@3PAP6AXXZA  0000000140046720     libcpmt:iosptrs.obj
 0003:000018c0       ?_Thread_exit_data@?A0x07eafddf@@3U_At_thread_exit_block@1@A 00000001400468c0     libcpmt:xnotify.obj
 0003:00001cf0       ?__vcrt_startup_thread_ptd@@3U__vcrt_ptd@@A 0000000140046cf0     libvcruntime:per_thread_data.obj
 0003:00001d78       __vcrt_lock_table          0000000140046d78     libvcruntime:locks.obj
 0003:00001da0       __vcrt_locks_initialized   0000000140046da0     libvcruntime:locks.obj
 0003:00001de8       ?heap@@3V_HeapManager@@A   0000000140046de8     libvcruntime:undname.obj
 0003:00001e10       ?module_handles@@3PAPEAUHINSTANCE__@@A 0000000140046e10     libvcruntime:winapi_downlevel.obj
 0003:00001e28       ?function_pointers@@3PAPEAXA 0000000140046e28     libvcruntime:winapi_downlevel.obj
 0003:00001e68       ?__acrt_invalid_parameter_handler@@3V?$dual_state_global@P6AXPEB_W00I_K@Z@__crt_state_management@@A 0000000140046e68     libucrt:invalid_parameter.obj
 0003:00001e70       ?c_termination_complete@@3JA 0000000140046e70     libucrt:exit.obj
 0003:00001e78       ?thread_local_exit_callback_func@@3P6AXPEAXK0@ZEA 0000000140046e78     libucrt:exit.obj
 0003:00001e90       ?program_name@?1???$common_configure_argv@D@@YAHW4_crt_argv_mode@@@Z@4PADA 0000000140046e90     libucrt:argv_parsing.obj
 0003:00001fe8       ?__acrt_new_handler@@3V?$dual_state_global@P6AH_K@Z@__crt_state_management@@A 0000000140046fe8     libucrt:new_handler.obj
 0003:00001ff0       ?__acrt_app_type@@3W4_crt_app_type@@A 0000000140046ff0     libucrt:report_runtime_error.obj
 0003:00001ff8       ?user_matherr@@3V?$dual_state_global@P6AHPEAU_exception@@@Z@__crt_state_management@@A 0000000140046ff8     libucrt:matherr.obj
 0003:00002034       ?__acrt_global_new_mode@@3V?$dual_state_global@J@__crt_state_management@@A 0000000140047034     libucrt:new_mode.obj
 0003:00002040       ?__acrt_lock_table@@3PAU_RTL_CRITICAL_SECTION@@A 0000000140047040     libucrt:locks.obj
 0003:00002270       ?__acrt_locks_initialized@@3IA 0000000140047270     libucrt:locks.obj
 0003:00002290       ?module_handles@@3PAPEAUHINSTANCE__@@A 0000000140047290     libucrt:winapi_thunks.obj
 0003:00002330       ?encoded_function_pointers@@3PAPEAXA 0000000140047330     libucrt:winapi_thunks.obj
 0003:00002440       ?static_enum_proc@?1??enum_system_locales_ex_nolock@@YAHQ6AHPEA_WK_J@Z@Z@4P6AH0K1@ZEA 0000000140047440     libucrt:winapi_thunks.obj
 0003:00002858       ?internal_state@?1??_mbtowc_l@@9@4U_Mbstatet@@A 0000000140047858     libucrt:mbtowc.obj
 0003:00002860       ?enable_percent_n@@3_KA    0000000140047860     libucrt:printf_count_output.obj
 0003:00002880       ?_tzname@@3V?$dual_state_global@PEAPEAD@__crt_state_management@@A 0000000140047880     libucrt:timeset.obj
 0003:00002888       ?w_tzname@@3V?$dual_state_global@PEAPEA_W@__crt_state_management@@A 0000000140047888     libucrt:timeset.obj
 0003:00002890       ?last_wide_tz@@3PEA_WEA    0000000140047890     libucrt:tzset.obj
 0003:000028a0       ?tz_api_used@@3HA          00000001400478a0     libucrt:tzset.obj
 0003:000028a4       ?tzset_init_state@@3V?$dual_state_global@J@__crt_state_management@@A 00000001400478a4     libucrt:tzset.obj
 0003:000028b0       ?tz_info@@3U_TIME_ZONE_INFORMATION@@A 00000001400478b0     libucrt:tzset.obj
 0003:00002978       ?fSystemSet@@3HA           0000000140047978     libucrt:mbctype.obj
 0003:0000297c       ?initialized@?1??__acrt_initialize_multibyte@@9@4_NA 000000014004797c     libucrt:mbctype.obj
 0003:00002988       ?ctrlc_action@@3V?$dual_state_global@P6AXH@Z@__crt_state_management@@A 0000000140047988     libucrt:signal.obj
 0003:00002990       ?ctrlbreak_action@@3V?$dual_state_global@P6AXH@Z@__crt_state_management@@A 0000000140047990     libucrt:signal.obj
 0003:00002998       ?abort_action@@3V?$dual_state_global@P6AXH@Z@__crt_state_management@@A 0000000140047998     libucrt:signal.obj
 0003:000029a0       ?term_action@@3V?$dual_state_global@P6AXH@Z@__crt_state_management@@A 00000001400479a0     libucrt:signal.obj
 0003:000029b8       ?internal_pst@?1??__mbrtoc32_utf8@__crt_mbstring@@YA_KPEA_UPEBD_KPEAU_Mbstatet@@@Z@4U3@A 00000001400479b8     libucrt:mbrtoc32.obj
 0003:000029c0       ?internal_pst@?1??__c16rtomb_utf8@__crt_mbstring@@YA_KPEAD_SPEAU_Mbstatet@@@Z@4U3@A 00000001400479c0     libucrt:c16rtomb.obj
 0003:000029d0       GS_ExceptionRecord         00000001400479d0     libcmt:gs_report.obj
 0003:00002a70       GS_ContextRecord           0000000140047a70     libcmt:gs_report.obj
 0005:00000000       MoveSmall                  000000014004b000     libvcruntime:memcpy.obj
 0005:00000040       MoveSmallYmm               000000014004b040     libvcruntime:memcpy.obj
 0005:00000064       MoveSmallYmmNT             000000014004b064     libvcruntime:memcpy.obj
 0005:00000088       MoveSmallXmm               000000014004b088     libvcruntime:memcpy.obj
 0005:000000b0       SetSmall                   000000014004b0b0     libvcruntime:memset.obj
 0005:000000f0       SetSmallYmm                000000014004b0f0     libvcruntime:memset.obj
 0005:00000114       SetSmallYmmNT              000000014004b114     libvcruntime:memset.obj
 0005:00000138       SetSmallXmm                000000014004b138     libvcruntime:memset.obj
